2026-05-17 19:52:22,064 | SENDER=emotion_node         TOPIC=/hri/emotion         SHA256=68d9a54c36e749733e6d72908a91e4bc96e43c189d1488e01d780c25678f9ff1 DATA={"source": "EmotionModel_v1", "label": "Sad", "confidence": 0.89}
2026-05-17 19:52:24,062 | SENDER=emotion_node         TOPIC=/hri/emotion         SHA256=d4074f4824daacea312d44fe003b97ab003d1c7b4d7434f63558e3c245317f0c DATA={"source": "EmotionModel_v1", "label": "Confused", "confidence": 0.86}
2026-05-17 19:52:26,058 | SENDER=emotion_node         TOPIC=/hri/emotion         SHA256=711685edb11d7f7975b724d921bc9e0c32030b2cc3a9ac2563d875694436b2bc DATA={"source": "EmotionModel_v1", "label": "Sad", "confidence": 0.82}
2026-05-17 19:52:28,058 | SENDER=emotion_node         TOPIC=/hri/emotion         SHA256=cf406c65b3f5c61b3fdc0ac4367fb476c9abce8be1e6af674dcea56d4c0abd65 DATA={"source": "EmotionModel_v1", "label": "Angry", "confidence": 0.87}
2026-05-17 19:52:30,058 | SENDER=emotion_node         TOPIC=/hri/emotion         SHA256=d555f029dd171e5f1742b8cfa03c38bf06ece8c19269a42a00afdd0aab6e05cb DATA={"source": "EmotionModel_v1", "label": "Sad", "confidence": 0.81}
2026-05-17 19:52:30,705 | SENDER=gesture_node         TOPIC=/hri/gesture         SHA256=eea59434a52107b7a82b1ad0c516a773c44b3917b2c46bbfdcb491c4f7882295 DATA={"source": "GestureModel_v1", "label": "Stop", "confidence": 0.98}
2026-05-17 19:52:32,060 | SENDER=emotion_node         TOPIC=/hri/emotion         SHA256=b1b6ae86a9609b1d32e1fc2ad5ce71c410e80d992a52d3150327ed2c5a13d5d0 DATA={"source": "EmotionModel_v1", "label": "Happy", "confidence": 0.96}
2026-05-17 19:52:32,705 | SENDER=gesture_node         TOPIC=/hri/gesture         SHA256=62434f50539b04787134308277b1e06687ba3619d47877f2760dc09e7fc2bcf3 DATA={"source": "GestureModel_v1", "label": "Cross_Arms", "confidence": 0.78}
2026-05-17 19:52:34,059 | SENDER=emotion_node         TOPIC=/hri/emotion         SHA256=003585fd167f61cac7b5f185b4559b1326f928d6d22ff3679164d2ae0adacf95 DATA={"source": "EmotionModel_v1", "label": "Happy", "confidence": 0.94}
2026-05-17 19:52:34,705 | SENDER=gesture_node         TOPIC=/hri/gesture         SHA256=f30987f1cee32204cad751d24bfc2b1e7dc87af4b2ffeb8fc604cb011bad0815 DATA={"source": "GestureModel_v1", "label": "Thumbs_Up", "confidence": 0.89}
2026-05-17 19:52:36,058 | SENDER=emotion_node         TOPIC=/hri/emotion         SHA256=f4c552f3ac53f1a66424151ab0b59a5d807cfabed51c03e0c2dbd11cdd879540 DATA={"source": "EmotionModel_v1", "label": "Panicked", "confidence": 0.91}
2026-05-17 19:52:36,706 | SENDER=gesture_node         TOPIC=/hri/gesture         SHA256=1c26f0b6d9044fdafa1762a023dd598d667da44f5a8a353920b5a5dd5ffb649e DATA={"source": "GestureModel_v1", "label": "Beckon", "confidence": 0.89}
2026-05-17 19:52:38,058 | SENDER=emotion_node         TOPIC=/hri/emotion         SHA256=fadaa5f34aa75e68c53a9c4886c1b7c4ea635e21a6aecdbd53099b9c8f9a2646 DATA={"source": "EmotionModel_v1", "label": "Sad", "confidence": 0.84}
2026-05-17 19:52:38,705 | SENDER=gesture_node         TOPIC=/hri/gesture         SHA256=eeea3df0df901eb95e968cc45374dc95367eadfbdfc477222b3575958842b3f1 DATA={"source": "GestureModel_v1", "label": "Wave", "confidence": 0.91}
2026-05-17 19:52:40,058 | SENDER=emotion_node         TOPIC=/hri/emotion         SHA256=8d8e599249315bb2058d5980ca33284afe65f140ea947ebbf6e5776979b68166 DATA={"source": "EmotionModel_v1", "label": "Angry", "confidence": 0.75}
2026-05-17 19:52:40,704 | SENDER=gesture_node         TOPIC=/hri/gesture         SHA256=83fc75fa76f2cce7dc0b791ca84959c902921d73bbc09d8951797b122897cec6 DATA={"source": "GestureModel_v1", "label": "Cross_Arms", "confidence": 0.8}
2026-05-17 19:52:42,058 | SENDER=emotion_node         TOPIC=/hri/emotion         SHA256=711685edb11d7f7975b724d921bc9e0c32030b2cc3a9ac2563d875694436b2bc DATA={"source": "EmotionModel_v1", "label": "Sad", "confidence": 0.82}
2026-05-17 19:52:42,704 | SENDER=gesture_node         TOPIC=/hri/gesture         SHA256=62434f50539b04787134308277b1e06687ba3619d47877f2760dc09e7fc2bcf3 DATA={"source": "GestureModel_v1", "label": "Cross_Arms", "confidence": 0.78}
2026-05-17 19:52:44,058 | SENDER=emotion_node         TOPIC=/hri/emotion         SHA256=7f98eff31fa55888f474ad5245abe5d28f0c68cbc6bf5134d39a89c5dac69e36 DATA={"source": "EmotionModel_v1", "label": "Panicked", "confidence": 0.87}
2026-05-17 19:52:44,705 | SENDER=gesture_node         TOPIC=/hri/gesture         SHA256=4064b53ef72a7ef9a3f00fe9b94d1748c806e3637eb7961fd797c4b363031dfc DATA={"source": "GestureModel_v1", "label": "Beckon", "confidence": 0.85}
2026-05-17 19:52:46,058 | SENDER=emotion_node         TOPIC=/hri/emotion         SHA256=fab0c9aa72f380b6e21edd55d828dcc18eca3f4e4437d94c8b5bbe7a296df64c DATA={"source": "EmotionModel_v1", "label": "Neutral", "confidence": 0.84}
2026-05-17 19:52:46,254 | SENDER=motion_node          TOPIC=/hri/motion          SHA256=a170877fd57d92a5cc9c3a8939dc2be100bf549a4cca37df39b3fca1b38907eb DATA={"source": "MotionModel_v1", "label": "Retreating", "speed_ms": 0.81}
2026-05-17 19:52:46,704 | SENDER=gesture_node         TOPIC=/hri/gesture         SHA256=567557a1528428c8fb1157a3a0fb4c1690c8c96455870d51ba01fa111151f296 DATA={"source": "GestureModel_v1", "label": "Cross_Arms", "confidence": 0.86}
2026-05-17 19:52:48,058 | SENDER=emotion_node         TOPIC=/hri/emotion         SHA256=143556710f410dfdc1912099ef3595f2144e2758cd3e29e73b3e82ec9d12f19a DATA={"source": "EmotionModel_v1", "label": "Panicked", "confidence": 0.99}
2026-05-17 19:52:48,253 | SENDER=motion_node          TOPIC=/hri/motion          SHA256=961785fcc40bec16ddaad54a8455a3385b0db9a8de0afaafac25d770dc6ce2b7 DATA={"source": "MotionModel_v1", "label": "Stationary", "speed_ms": 0.09}
2026-05-17 19:52:48,704 | SENDER=gesture_node         TOPIC=/hri/gesture         SHA256=1c4bf8cfbf6ec011b354970c1b5129a92da93c01e886f096868f44f668b5cc3f DATA={"source": "GestureModel_v1", "label": "Stop", "confidence": 0.96}
2026-05-17 19:52:51,109 | SENDER=emotion_node         TOPIC=/hri/emotion         SHA256=dbbe40ed334054aee5be8141a38c431d9bbc4100f1e6718d9fd0c1ad36e3c66c DATA={"source": "EmotionModel_v1", "label": "Panicked", "confidence": 0.93}
2026-05-17 19:52:51,302 | SENDER=motion_node          TOPIC=/hri/motion          SHA256=3c95578ed97db62e86044c2311d469aef7751c8c5b3babe0a00015364fc755d5 DATA={"source": "MotionModel_v1", "label": "Running", "speed_ms": 3.02}
2026-05-17 19:52:51,753 | SENDER=gesture_node         TOPIC=/hri/gesture         SHA256=31fac80f864c6fe7a8e734360896faf52b592c75ee94f68ece09583c653c38ef DATA={"source": "GestureModel_v1", "label": "Thumbs_Up", "confidence": 0.9}
2026-05-17 19:52:52,059 | SENDER=emotion_node         TOPIC=/hri/emotion         SHA256=003585fd167f61cac7b5f185b4559b1326f928d6d22ff3679164d2ae0adacf95 DATA={"source": "EmotionModel_v1", "label": "Happy", "confidence": 0.94}
2026-05-17 19:52:52,253 | SENDER=motion_node          TOPIC=/hri/motion          SHA256=368f5b74054472e58a8451502675f255f076199f76440bf509165b025be5f5bf DATA={"source": "MotionModel_v1", "label": "Wandering", "speed_ms": 0.23}
2026-05-17 19:52:52,704 | SENDER=gesture_node         TOPIC=/hri/gesture         SHA256=e6d3acb2c298209dd58d23c111adf470153ad7621a89d99ebf96dfaf8a2cb665 DATA={"source": "GestureModel_v1", "label": "Beckon", "confidence": 0.82}
2026-05-17 19:52:54,059 | SENDER=emotion_node         TOPIC=/hri/emotion         SHA256=6a64b3df5d5d4fa170734db5e68355663f3cfa0e16e340c0f869d534e05559f1 DATA={"source": "EmotionModel_v1", "label": "Neutral", "confidence": 0.87}
2026-05-17 19:52:54,253 | SENDER=motion_node          TOPIC=/hri/motion          SHA256=a8068d689543b73dab661ae3592634bdb8d0d7b6ae1d202363bb6c2cd56a7298 DATA={"source": "MotionModel_v1", "label": "Approaching", "speed_ms": 0.89}
2026-05-17 19:52:54,705 | SENDER=gesture_node         TOPIC=/hri/gesture         SHA256=302e92bcdb3441312eeb6ef6f6bc6a6b48a089fae183ee89ca4e4abc52cda74b DATA={"source": "GestureModel_v1", "label": "Point", "confidence": 0.81}
2026-05-17 19:52:55,026 | SENDER=context_node         TOPIC=/hri/context         SHA256=a64fb3cfbf73edd634404a40b5c36a0c53b982ba75ff4431360d795192f7cd87 DATA={"source": "ContextModel_v1", "environment": "Hospital_Ward", "crowding": "Low"}
2026-05-17 19:52:56,058 | SENDER=emotion_node         TOPIC=/hri/emotion         SHA256=c9f62e048a71b2b7a2d2b3e01efa596035bef3940f5d6ee245990acc897438b2 DATA={"source": "EmotionModel_v1", "label": "Panicked", "confidence": 0.96}
2026-05-17 19:52:56,253 | SENDER=motion_node          TOPIC=/hri/motion          SHA256=56a124330cdafb921cda009b240bddbb05ed60e4b21879bb380e0179d9af39bb DATA={"source": "MotionModel_v1", "label": "Retreating", "speed_ms": 0.44}
2026-05-17 19:52:56,705 | SENDER=gesture_node         TOPIC=/hri/gesture         SHA256=9c2d7d6267bc0073a7fc20ca7d5ec2c462d7d77f9ce3d11432f9db4950060e26 DATA={"source": "GestureModel_v1", "label": "Wave", "confidence": 0.85}
2026-05-17 19:52:57,026 | SENDER=context_node         TOPIC=/hri/context         SHA256=b88b3385b15277f264a4977a18a860ce4df5fa37ec2862844eecd37fad4c7813 DATA={"source": "ContextModel_v1", "environment": "Hospital_Corridor", "crowding": "High"}
2026-05-17 19:52:58,060 | SENDER=emotion_node         TOPIC=/hri/emotion         SHA256=2cb80fc8bc87bf2d63a696531984a40c307d9d25b5780498c5441fce9b076511 DATA={"source": "EmotionModel_v1", "label": "Confused", "confidence": 0.93}
2026-05-17 19:52:58,253 | SENDER=motion_node          TOPIC=/hri/motion          SHA256=ee7c9bb399164c8c38ec4d20a56bf1a5f74d3b56d81e865ff6c8fae3f6978f66 DATA={"source": "MotionModel_v1", "label": "Approaching", "speed_ms": 0.73}
2026-05-17 19:52:58,704 | SENDER=gesture_node         TOPIC=/hri/gesture         SHA256=496c30aba574f6aef0224ec0ba0c88384a73aab8db8bf34baa5e9fda39080e3a DATA={"source": "GestureModel_v1", "label": "Cross_Arms", "confidence": 0.87}
2026-05-17 19:52:59,026 | SENDER=context_node         TOPIC=/hri/context         SHA256=a64fb3cfbf73edd634404a40b5c36a0c53b982ba75ff4431360d795192f7cd87 DATA={"source": "ContextModel_v1", "environment": "Hospital_Ward", "crowding": "Low"}
2026-05-17 19:53:00,061 | SENDER=emotion_node         TOPIC=/hri/emotion         SHA256=b7ef50907269775339990ba759422603a4410e00b2d9c828a1c34afac74406a3 DATA={"source": "EmotionModel_v1", "label": "Angry", "confidence": 0.9}
2026-05-17 19:53:00,253 | SENDER=motion_node          TOPIC=/hri/motion          SHA256=885c1d3b05b57794bd4553ada0358b04c5ba1b343bace41b3ceec742f66465c7 DATA={"source": "MotionModel_v1", "label": "Stationary", "speed_ms": 0.02}
2026-05-17 19:53:00,705 | SENDER=gesture_node         TOPIC=/hri/gesture         SHA256=568ecd36f4f4603ad2d6e88961d9b734b5cf94576fa19fad4c496279ba28f9bd DATA={"source": "GestureModel_v1", "label": "Point", "confidence": 0.92}
2026-05-17 19:53:01,027 | SENDER=context_node         TOPIC=/hri/context         SHA256=4f7f3e509d2a45b70dab96481bdeba99e5dd5787b28f81fbd5e9933a5b67478b DATA={"source": "ContextModel_v1", "environment": "Hospital_Reception", "crowding": "Medium"}
2026-05-17 19:53:02,058 | SENDER=emotion_node         TOPIC=/hri/emotion         SHA256=2a015f6639b60b948d636ecafda16b2a6c68bdd68bd8f48c96f231733e44a09f DATA={"source": "EmotionModel_v1", "label": "Neutral", "confidence": 0.88}
2026-05-17 19:53:02,253 | SENDER=motion_node          TOPIC=/hri/motion          SHA256=f75cf3480a94e56d0c68055a03909f2e6ac3f4f28cfe7c65c0fbeca38ce6ae72 DATA={"source": "MotionModel_v1", "label": "Approaching", "speed_ms": 0.45}
2026-05-17 19:53:02,705 | SENDER=gesture_node         TOPIC=/hri/gesture         SHA256=e8359e0ba7fccbb3f51c88c863ceb2d581caa47f5f71b2a1aa902cf2b1a7d2f3 DATA={"source": "GestureModel_v1", "label": "Cross_Arms", "confidence": 0.81}
2026-05-17 19:53:03,026 | SENDER=context_node         TOPIC=/hri/context         SHA256=0328fe086d7abbbd5cc66066c96aec10db560086a0f840535d8d2da0875519d9 DATA={"source": "ContextModel_v1", "environment": "Retail_Aisle", "crowding": "Medium"}
2026-05-17 19:53:04,058 | SENDER=emotion_node         TOPIC=/hri/emotion         SHA256=7f98eff31fa55888f474ad5245abe5d28f0c68cbc6bf5134d39a89c5dac69e36 DATA={"source": "EmotionModel_v1", "label": "Panicked", "confidence": 0.87}
2026-05-17 19:53:04,253 | SENDER=motion_node          TOPIC=/hri/motion          SHA256=7b597c1ca55c03e02b859e4b12873d7ae89bb4033245337d537ac8b5f21ae7a6 DATA={"source": "MotionModel_v1", "label": "Wandering", "speed_ms": 0.34}
2026-05-17 19:53:04,705 | SENDER=gesture_node         TOPIC=/hri/gesture         SHA256=524ac5ae77246be80b1cc3514691376f3090b4e0d863b2cfb2819871a4f1bd76 DATA={"source": "GestureModel_v1", "label": "Wave", "confidence": 0.88}
2026-05-17 19:53:05,026 | SENDER=context_node         TOPIC=/hri/context         SHA256=4f7f3e509d2a45b70dab96481bdeba99e5dd5787b28f81fbd5e9933a5b67478b DATA={"source": "ContextModel_v1", "environment": "Hospital_Reception", "crowding": "Medium"}
2026-05-17 19:53:06,058 | SENDER=emotion_node         TOPIC=/hri/emotion         SHA256=003585fd167f61cac7b5f185b4559b1326f928d6d22ff3679164d2ae0adacf95 DATA={"source": "EmotionModel_v1", "label": "Happy", "confidence": 0.94}
2026-05-17 19:53:06,253 | SENDER=motion_node          TOPIC=/hri/motion          SHA256=2c37b6337d616cd8a51669c8b0d33c63fbd0316bd023de0bee1ea63b87992896 DATA={"source": "MotionModel_v1", "label": "Wandering", "speed_ms": 0.35}
2026-05-17 19:53:06,704 | SENDER=gesture_node         TOPIC=/hri/gesture         SHA256=524fc014844a08712c1cd4b202d4cbb4293a113c37f6949572e9d7b979b80d33 DATA={"source": "GestureModel_v1", "label": "Cross_Arms", "confidence": 0.79}
2026-05-17 19:53:07,026 | SENDER=context_node         TOPIC=/hri/context         SHA256=b88b3385b15277f264a4977a18a860ce4df5fa37ec2862844eecd37fad4c7813 DATA={"source": "ContextModel_v1", "environment": "Hospital_Corridor", "crowding": "High"}
2026-05-17 19:53:08,058 | SENDER=emotion_node         TOPIC=/hri/emotion         SHA256=711685edb11d7f7975b724d921bc9e0c32030b2cc3a9ac2563d875694436b2bc DATA={"source": "EmotionModel_v1", "label": "Sad", "confidence": 0.82}
2026-05-17 19:53:08,255 | SENDER=motion_node          TOPIC=/hri/motion          SHA256=66869b951a8139b4566acc29e986987df4719cfe1ab21d81c67cb95cb42f9fb1 DATA={"source": "MotionModel_v1", "label": "Running", "speed_ms": 3.21}
2026-05-17 19:53:08,704 | SENDER=gesture_node         TOPIC=/hri/gesture         SHA256=e8359e0ba7fccbb3f51c88c863ceb2d581caa47f5f71b2a1aa902cf2b1a7d2f3 DATA={"source": "GestureModel_v1", "label": "Cross_Arms", "confidence": 0.81}
2026-05-17 19:53:09,026 | SENDER=context_node         TOPIC=/hri/context         SHA256=4f7f3e509d2a45b70dab96481bdeba99e5dd5787b28f81fbd5e9933a5b67478b DATA={"source": "ContextModel_v1", "environment": "Hospital_Reception", "crowding": "Medium"}
2026-05-17 19:53:10,058 | SENDER=emotion_node         TOPIC=/hri/emotion         SHA256=e30599e6c0fab427ab771542e4b7bd161d6a35e6f7013faaccfba323cb1d8dee DATA={"source": "EmotionModel_v1", "label": "Sad", "confidence": 0.9}
2026-05-17 19:53:10,253 | SENDER=motion_node          TOPIC=/hri/motion          SHA256=355fa5198003fca17ac10e06ed94d6babe3e6f46c4060dc1c122d7e582031685 DATA={"source": "MotionModel_v1", "label": "Approaching", "speed_ms": 0.81}
2026-05-17 19:53:10,705 | SENDER=gesture_node         TOPIC=/hri/gesture         SHA256=f3a5e9fd5f47af06408d6a01da4f6c1cef0aabb11188d59709928a9a43a32fa8 DATA={"source": "GestureModel_v1", "label": "Wave", "confidence": 0.86}
2026-05-17 19:53:10,744 | SENDER=emotion_node         TOPIC=/hri/emotion         SHA256=19defcd11cf6836b7b4682b7403fbda4ccebe3b4ea4b1dc9a12798386ede638f DATA={"source": "*** ATTACKER ***", "label": "Panicked", "confidence": 1.0, "note": "INJECTED \u2014 THIS IS A FAKE EMERGENCY"}
2026-05-17 19:53:11,026 | SENDER=context_node         TOPIC=/hri/context         SHA256=0328fe086d7abbbd5cc66066c96aec10db560086a0f840535d8d2da0875519d9 DATA={"source": "ContextModel_v1", "environment": "Retail_Aisle", "crowding": "Medium"}
2026-05-17 19:53:12,059 | SENDER=emotion_node         TOPIC=/hri/emotion         SHA256=fadaa5f34aa75e68c53a9c4886c1b7c4ea635e21a6aecdbd53099b9c8f9a2646 DATA={"source": "EmotionModel_v1", "label": "Sad", "confidence": 0.84}
2026-05-17 19:53:12,244 | SENDER=emotion_node         TOPIC=/hri/emotion         SHA256=19defcd11cf6836b7b4682b7403fbda4ccebe3b4ea4b1dc9a12798386ede638f DATA={"source": "*** ATTACKER ***", "label": "Panicked", "confidence": 1.0, "note": "INJECTED \u2014 THIS IS A FAKE EMERGENCY"}
2026-05-17 19:53:12,267 | SENDER=motion_node          TOPIC=/hri/motion          SHA256=5195b0f3eac2d7cfcc49f04a44cb0198b4ca6da7742e08ec320c9874b15cb3bd DATA={"source": "MotionModel_v1", "label": "Approaching", "speed_ms": 0.88}
2026-05-17 19:53:12,705 | SENDER=gesture_node         TOPIC=/hri/gesture         SHA256=db95a7d232071aadf9be429e50e34bac857079c691f18c3e65de2a3df72b4407 DATA={"source": "GestureModel_v1", "label": "Wave", "confidence": 0.93}
2026-05-17 19:53:13,027 | SENDER=context_node         TOPIC=/hri/context         SHA256=f83540b369d62d3a3626f4487a33a8fb933121643231b1e0e5d4aeab15d1aac7 DATA={"source": "ContextModel_v1", "environment": "Museum_Gallery", "crowding": "Low"}
2026-05-17 19:53:13,745 | SENDER=emotion_node         TOPIC=/hri/emotion         SHA256=19defcd11cf6836b7b4682b7403fbda4ccebe3b4ea4b1dc9a12798386ede638f DATA={"source": "*** ATTACKER ***", "label": "Panicked", "confidence": 1.0, "note": "INJECTED \u2014 THIS IS A FAKE EMERGENCY"}
2026-05-17 19:53:14,058 | SENDER=emotion_node         TOPIC=/hri/emotion         SHA256=7945e274186c57491343b93e6e2d047716218fcd2d6d5161666c0bd186447c20 DATA={"source": "EmotionModel_v1", "label": "Panicked", "confidence": 0.85}
2026-05-17 19:53:14,253 | SENDER=motion_node          TOPIC=/hri/motion          SHA256=905ea61aa1fd33bb941ec8e66f9b20a03f8e27f2645c65f104b97fafc2291bdb DATA={"source": "MotionModel_v1", "label": "Approaching", "speed_ms": 1.01}
2026-05-17 19:53:14,704 | SENDER=gesture_node         TOPIC=/hri/gesture         SHA256=c2ca7ec6a2b868fc6f0b63c137325a34ca152502dcf8c4f14d4fc7668d81b609 DATA={"source": "GestureModel_v1", "label": "Beckon", "confidence": 0.8}
2026-05-17 19:53:15,026 | SENDER=context_node         TOPIC=/hri/context         SHA256=0328fe086d7abbbd5cc66066c96aec10db560086a0f840535d8d2da0875519d9 DATA={"source": "ContextModel_v1", "environment": "Retail_Aisle", "crowding": "Medium"}
2026-05-17 19:53:15,244 | SENDER=emotion_node         TOPIC=/hri/emotion         SHA256=19defcd11cf6836b7b4682b7403fbda4ccebe3b4ea4b1dc9a12798386ede638f DATA={"source": "*** ATTACKER ***", "label": "Panicked", "confidence": 1.0, "note": "INJECTED \u2014 THIS IS A FAKE EMERGENCY"}
2026-05-17 19:53:16,058 | SENDER=emotion_node         TOPIC=/hri/emotion         SHA256=23f75cf2aa24df9c9db98112d1e711fb666ec845a4e79c5b61b52919f053e180 DATA={"source": "EmotionModel_v1", "label": "Happy", "confidence": 0.95}
2026-05-17 19:53:16,253 | SENDER=motion_node          TOPIC=/hri/motion          SHA256=30c2961fb7f650392ac8bea109f3d9792fc3f5cce729828478d0bde9b246bd4f DATA={"source": "MotionModel_v1", "label": "Wandering", "speed_ms": 0.28}
2026-05-17 19:53:16,705 | SENDER=gesture_node         TOPIC=/hri/gesture         SHA256=524fc014844a08712c1cd4b202d4cbb4293a113c37f6949572e9d7b979b80d33 DATA={"source": "GestureModel_v1", "label": "Cross_Arms", "confidence": 0.79}
2026-05-17 19:53:16,744 | SENDER=emotion_node         TOPIC=/hri/emotion         SHA256=19defcd11cf6836b7b4682b7403fbda4ccebe3b4ea4b1dc9a12798386ede638f DATA={"source": "*** ATTACKER ***", "label": "Panicked", "confidence": 1.0, "note": "INJECTED \u2014 THIS IS A FAKE EMERGENCY"}
2026-05-17 19:53:17,027 | SENDER=context_node         TOPIC=/hri/context         SHA256=f83540b369d62d3a3626f4487a33a8fb933121643231b1e0e5d4aeab15d1aac7 DATA={"source": "ContextModel_v1", "environment": "Museum_Gallery", "crowding": "Low"}
2026-05-17 19:53:18,060 | SENDER=emotion_node         TOPIC=/hri/emotion         SHA256=23f75cf2aa24df9c9db98112d1e711fb666ec845a4e79c5b61b52919f053e180 DATA={"source": "EmotionModel_v1", "label": "Happy", "confidence": 0.95}
2026-05-17 19:53:18,244 | SENDER=emotion_node         TOPIC=/hri/emotion         SHA256=19defcd11cf6836b7b4682b7403fbda4ccebe3b4ea4b1dc9a12798386ede638f DATA={"source": "*** ATTACKER ***", "label": "Panicked", "confidence": 1.0, "note": "INJECTED \u2014 THIS IS A FAKE EMERGENCY"}
2026-05-17 19:53:18,258 | SENDER=motion_node          TOPIC=/hri/motion          SHA256=0185f071c52b5e53f656a1996fda5247eb2c2d84cd003793484415addd0d654a DATA={"source": "MotionModel_v1", "label": "Stationary", "speed_ms": 0.06}
2026-05-17 19:53:18,704 | SENDER=gesture_node         TOPIC=/hri/gesture         SHA256=941d56202c5c870f0bcb091d9049b5eb7ea772b168c06eedda1469a5b1089d80 DATA={"source": "GestureModel_v1", "label": "Point", "confidence": 0.83}
2026-05-17 19:53:19,026 | SENDER=context_node         TOPIC=/hri/context         SHA256=4f7f3e509d2a45b70dab96481bdeba99e5dd5787b28f81fbd5e9933a5b67478b DATA={"source": "ContextModel_v1", "environment": "Hospital_Reception", "crowding": "Medium"}
2026-05-17 19:53:19,744 | SENDER=emotion_node         TOPIC=/hri/emotion         SHA256=19defcd11cf6836b7b4682b7403fbda4ccebe3b4ea4b1dc9a12798386ede638f DATA={"source": "*** ATTACKER ***", "label": "Panicked", "confidence": 1.0, "note": "INJECTED \u2014 THIS IS A FAKE EMERGENCY"}
2026-05-17 19:53:20,058 | SENDER=emotion_node         TOPIC=/hri/emotion         SHA256=cf406c65b3f5c61b3fdc0ac4367fb476c9abce8be1e6af674dcea56d4c0abd65 DATA={"source": "EmotionModel_v1", "label": "Angry", "confidence": 0.87}
2026-05-17 19:53:20,254 | SENDER=motion_node          TOPIC=/hri/motion          SHA256=885c1d3b05b57794bd4553ada0358b04c5ba1b343bace41b3ceec742f66465c7 DATA={"source": "MotionModel_v1", "label": "Stationary", "speed_ms": 0.02}
2026-05-17 19:53:20,705 | SENDER=gesture_node         TOPIC=/hri/gesture         SHA256=531aa4915ea5bd4a6acb19e1014364d88b05dc5d27c74024e3a94b63d1bfaac6 DATA={"source": "GestureModel_v1", "label": "Thumbs_Up", "confidence": 0.94}
2026-05-17 19:53:21,027 | SENDER=context_node         TOPIC=/hri/context         SHA256=b88b3385b15277f264a4977a18a860ce4df5fa37ec2862844eecd37fad4c7813 DATA={"source": "ContextModel_v1", "environment": "Hospital_Corridor", "crowding": "High"}
2026-05-17 19:53:21,244 | SENDER=emotion_node         TOPIC=/hri/emotion         SHA256=19defcd11cf6836b7b4682b7403fbda4ccebe3b4ea4b1dc9a12798386ede638f DATA={"source": "*** ATTACKER ***", "label": "Panicked", "confidence": 1.0, "note": "INJECTED \u2014 THIS IS A FAKE EMERGENCY"}
2026-05-17 19:53:22,058 | SENDER=emotion_node         TOPIC=/hri/emotion         SHA256=23f75cf2aa24df9c9db98112d1e711fb666ec845a4e79c5b61b52919f053e180 DATA={"source": "EmotionModel_v1", "label": "Happy", "confidence": 0.95}
2026-05-17 19:53:23,289 | SENDER=motion_node          TOPIC=/hri/motion          SHA256=93a766434d14af6ff52aa0d1a325682a8e7bb31fb36cc5ae5d017b85468b4556 DATA={"source": "MotionModel_v1", "label": "Retreating", "speed_ms": 0.35}
2026-05-17 19:53:23,740 | SENDER=gesture_node         TOPIC=/hri/gesture         SHA256=11e6fd7a0fe2b7cc02b1d5535340bfbce29e7a58080c7c95ca0cc6b929b3c01c DATA={"source": "GestureModel_v1", "label": "Cross_Arms", "confidence": 0.84}
2026-05-17 19:53:23,780 | SENDER=emotion_node         TOPIC=/hri/emotion         SHA256=19defcd11cf6836b7b4682b7403fbda4ccebe3b4ea4b1dc9a12798386ede638f DATA={"source": "*** ATTACKER ***", "label": "Panicked", "confidence": 1.0, "note": "INJECTED \u2014 THIS IS A FAKE EMERGENCY"}
2026-05-17 19:53:24,066 | SENDER=context_node         TOPIC=/hri/context         SHA256=b88b3385b15277f264a4977a18a860ce4df5fa37ec2862844eecd37fad4c7813 DATA={"source": "ContextModel_v1", "environment": "Hospital_Corridor", "crowding": "High"}
2026-05-17 19:53:24,244 | SENDER=emotion_node         TOPIC=/hri/emotion         SHA256=19defcd11cf6836b7b4682b7403fbda4ccebe3b4ea4b1dc9a12798386ede638f DATA={"source": "*** ATTACKER ***", "label": "Panicked", "confidence": 1.0, "note": "INJECTED \u2014 THIS IS A FAKE EMERGENCY"}
2026-05-17 19:53:24,253 | SENDER=motion_node          TOPIC=/hri/motion          SHA256=8c46fe3e22552f2ffb3b30adf22d0a2aca3aa22744da7555406e5f32e4160404 DATA={"source": "MotionModel_v1", "label": "Running", "speed_ms": 3.49}
2026-05-17 19:53:24,705 | SENDER=gesture_node         TOPIC=/hri/gesture         SHA256=f30987f1cee32204cad751d24bfc2b1e7dc87af4b2ffeb8fc604cb011bad0815 DATA={"source": "GestureModel_v1", "label": "Thumbs_Up", "confidence": 0.89}
2026-05-17 19:53:25,026 | SENDER=context_node         TOPIC=/hri/context         SHA256=0328fe086d7abbbd5cc66066c96aec10db560086a0f840535d8d2da0875519d9 DATA={"source": "ContextModel_v1", "environment": "Retail_Aisle", "crowding": "Medium"}
2026-05-17 19:53:25,094 | SENDER=emotion_node         TOPIC=/hri/emotion         SHA256=d22ed276a5200c14818ffa6b93799ed65bf4bb241614118f704e38749bfd3e20 DATA={"source": "EmotionModel_v1", "label": "Confused", "confidence": 0.91}
2026-05-17 19:53:25,744 | SENDER=emotion_node         TOPIC=/hri/emotion         SHA256=19defcd11cf6836b7b4682b7403fbda4ccebe3b4ea4b1dc9a12798386ede638f DATA={"source": "*** ATTACKER ***", "label": "Panicked", "confidence": 1.0, "note": "INJECTED \u2014 THIS IS A FAKE EMERGENCY"}
2026-05-17 19:53:26,059 | SENDER=emotion_node         TOPIC=/hri/emotion         SHA256=003585fd167f61cac7b5f185b4559b1326f928d6d22ff3679164d2ae0adacf95 DATA={"source": "EmotionModel_v1", "label": "Happy", "confidence": 0.94}
2026-05-17 19:53:26,253 | SENDER=motion_node          TOPIC=/hri/motion          SHA256=e62e501f3cc81c364dae39dc10b235bcf55003bc0543cb310be7cea925722974 DATA={"source": "MotionModel_v1", "label": "Wandering", "speed_ms": 0.2}
2026-05-17 19:53:26,704 | SENDER=gesture_node         TOPIC=/hri/gesture         SHA256=3279851d7c516d167854e919eb80987f7ab72a3a4351ea05a7d402b0f22d7efb DATA={"source": "GestureModel_v1", "label": "Point", "confidence": 0.84}
2026-05-17 19:53:27,027 | SENDER=context_node         TOPIC=/hri/context         SHA256=f83540b369d62d3a3626f4487a33a8fb933121643231b1e0e5d4aeab15d1aac7 DATA={"source": "ContextModel_v1", "environment": "Museum_Gallery", "crowding": "Low"}
2026-05-17 19:53:27,244 | SENDER=emotion_node         TOPIC=/hri/emotion         SHA256=19defcd11cf6836b7b4682b7403fbda4ccebe3b4ea4b1dc9a12798386ede638f DATA={"source": "*** ATTACKER ***", "label": "Panicked", "confidence": 1.0, "note": "INJECTED \u2014 THIS IS A FAKE EMERGENCY"}
2026-05-17 19:53:28,061 | SENDER=emotion_node         TOPIC=/hri/emotion         SHA256=ef8388a1c703316d6759d42afc8840c8134c7ac51660cbd318c7c2f89ecfe58a DATA={"source": "EmotionModel_v1", "label": "Happy", "confidence": 0.9}
2026-05-17 19:53:28,253 | SENDER=motion_node          TOPIC=/hri/motion          SHA256=515e5c1e86e4d0bbed32a0b4d415c8adc8bf3e01a43b15b6536b8997c40535a1 DATA={"source": "MotionModel_v1", "label": "Stationary", "speed_ms": 0.05}
2026-05-17 19:53:28,704 | SENDER=gesture_node         TOPIC=/hri/gesture         SHA256=e60eaeb1fec23e63aa0078e10ac88c33178f8ee33395fe631388fa2198ba878e DATA={"source": "GestureModel_v1", "label": "Cross_Arms", "confidence": 0.83}
2026-05-17 19:53:28,744 | SENDER=emotion_node         TOPIC=/hri/emotion         SHA256=19defcd11cf6836b7b4682b7403fbda4ccebe3b4ea4b1dc9a12798386ede638f DATA={"source": "*** ATTACKER ***", "label": "Panicked", "confidence": 1.0, "note": "INJECTED \u2014 THIS IS A FAKE EMERGENCY"}
2026-05-17 19:53:29,026 | SENDER=context_node         TOPIC=/hri/context         SHA256=a64fb3cfbf73edd634404a40b5c36a0c53b982ba75ff4431360d795192f7cd87 DATA={"source": "ContextModel_v1", "environment": "Hospital_Ward", "crowding": "Low"}
2026-05-17 19:53:30,058 | SENDER=emotion_node         TOPIC=/hri/emotion         SHA256=d22ed276a5200c14818ffa6b93799ed65bf4bb241614118f704e38749bfd3e20 DATA={"source": "EmotionModel_v1", "label": "Confused", "confidence": 0.91}
2026-05-17 19:53:30,244 | SENDER=emotion_node         TOPIC=/hri/emotion         SHA256=19defcd11cf6836b7b4682b7403fbda4ccebe3b4ea4b1dc9a12798386ede638f DATA={"source": "*** ATTACKER ***", "label": "Panicked", "confidence": 1.0, "note": "INJECTED \u2014 THIS IS A FAKE EMERGENCY"}
2026-05-17 19:53:30,253 | SENDER=motion_node          TOPIC=/hri/motion          SHA256=a359a737c4a8f83de8a70af073b343f97c0726f835bbb4dbf1d97bf7ee31880f DATA={"source": "MotionModel_v1", "label": "Stationary", "speed_ms": 0.07}
2026-05-17 19:53:30,704 | SENDER=gesture_node         TOPIC=/hri/gesture         SHA256=2f3b8570b684d4fa74465f1a58ba3a522605219d3622d152b92fb24550ea7a14 DATA={"source": "GestureModel_v1", "label": "Wave", "confidence": 0.9}
2026-05-17 19:53:31,027 | SENDER=context_node         TOPIC=/hri/context         SHA256=a64fb3cfbf73edd634404a40b5c36a0c53b982ba75ff4431360d795192f7cd87 DATA={"source": "ContextModel_v1", "environment": "Hospital_Ward", "crowding": "Low"}
2026-05-17 19:53:31,744 | SENDER=emotion_node         TOPIC=/hri/emotion         SHA256=19defcd11cf6836b7b4682b7403fbda4ccebe3b4ea4b1dc9a12798386ede638f DATA={"source": "*** ATTACKER ***", "label": "Panicked", "confidence": 1.0, "note": "INJECTED \u2014 THIS IS A FAKE EMERGENCY"}
2026-05-17 19:53:32,058 | SENDER=emotion_node         TOPIC=/hri/emotion         SHA256=9c3a6d92f4d460c51551e184fafb9f9f41552534d0d7adf16bddfea14a771c37 DATA={"source": "EmotionModel_v1", "label": "Sad", "confidence": 0.86}
2026-05-17 19:53:32,253 | SENDER=motion_node          TOPIC=/hri/motion          SHA256=7d7aa24e253a8d165b11b337e63ed039625a180d7b391c268c61bb4ffa27ca1c DATA={"source": "MotionModel_v1", "label": "Wandering", "speed_ms": 0.65}
2026-05-17 19:53:32,705 | SENDER=gesture_node         TOPIC=/hri/gesture         SHA256=f30987f1cee32204cad751d24bfc2b1e7dc87af4b2ffeb8fc604cb011bad0815 DATA={"source": "GestureModel_v1", "label": "Thumbs_Up", "confidence": 0.89}
2026-05-17 19:53:33,026 | SENDER=context_node         TOPIC=/hri/context         SHA256=b88b3385b15277f264a4977a18a860ce4df5fa37ec2862844eecd37fad4c7813 DATA={"source": "ContextModel_v1", "environment": "Hospital_Corridor", "crowding": "High"}
2026-05-17 19:53:33,244 | SENDER=emotion_node         TOPIC=/hri/emotion         SHA256=19defcd11cf6836b7b4682b7403fbda4ccebe3b4ea4b1dc9a12798386ede638f DATA={"source": "*** ATTACKER ***", "label": "Panicked", "confidence": 1.0, "note": "INJECTED \u2014 THIS IS A FAKE EMERGENCY"}
2026-05-17 19:53:34,058 | SENDER=emotion_node         TOPIC=/hri/emotion         SHA256=92ba8953f0a9dc9df5a150689d2aa425d4006226c738c6a5e212ad207cce14db DATA={"source": "EmotionModel_v1", "label": "Sad", "confidence": 0.79}
2026-05-17 19:53:34,253 | SENDER=motion_node          TOPIC=/hri/motion          SHA256=894a75f3e8b5aaea7120d96bc04e4c70ff76f383bed5cb80e0fa7d514b56a005 DATA={"source": "MotionModel_v1", "label": "Running", "speed_ms": 2.86}
2026-05-17 19:53:34,705 | SENDER=gesture_node         TOPIC=/hri/gesture         SHA256=3279851d7c516d167854e919eb80987f7ab72a3a4351ea05a7d402b0f22d7efb DATA={"source": "GestureModel_v1", "label": "Point", "confidence": 0.84}
2026-05-17 19:53:34,744 | SENDER=emotion_node         TOPIC=/hri/emotion         SHA256=19defcd11cf6836b7b4682b7403fbda4ccebe3b4ea4b1dc9a12798386ede638f DATA={"source": "*** ATTACKER ***", "label": "Panicked", "confidence": 1.0, "note": "INJECTED \u2014 THIS IS A FAKE EMERGENCY"}
2026-05-17 19:53:35,026 | SENDER=context_node         TOPIC=/hri/context         SHA256=a64fb3cfbf73edd634404a40b5c36a0c53b982ba75ff4431360d795192f7cd87 DATA={"source": "ContextModel_v1", "environment": "Hospital_Ward", "crowding": "Low"}
2026-05-17 19:53:36,058 | SENDER=emotion_node         TOPIC=/hri/emotion         SHA256=003585fd167f61cac7b5f185b4559b1326f928d6d22ff3679164d2ae0adacf95 DATA={"source": "EmotionModel_v1", "label": "Happy", "confidence": 0.94}
2026-05-17 19:53:36,244 | SENDER=emotion_node         TOPIC=/hri/emotion         SHA256=19defcd11cf6836b7b4682b7403fbda4ccebe3b4ea4b1dc9a12798386ede638f DATA={"source": "*** ATTACKER ***", "label": "Panicked", "confidence": 1.0, "note": "INJECTED \u2014 THIS IS A FAKE EMERGENCY"}
2026-05-17 19:53:36,255 | SENDER=motion_node          TOPIC=/hri/motion          SHA256=2f86b70f9115f538e632ef47af54b54ab21cce9401fac62bb4b60727eda1bb5c DATA={"source": "MotionModel_v1", "label": "Stationary", "speed_ms": 0.04}
2026-05-17 19:53:36,705 | SENDER=gesture_node         TOPIC=/hri/gesture         SHA256=b7e9f74bceb3675a802434847049e10690a0b4ae22f74bb70b7698bea2ca39fc DATA={"source": "GestureModel_v1", "label": "Point", "confidence": 0.82}
2026-05-17 19:53:37,026 | SENDER=context_node         TOPIC=/hri/context         SHA256=0328fe086d7abbbd5cc66066c96aec10db560086a0f840535d8d2da0875519d9 DATA={"source": "ContextModel_v1", "environment": "Retail_Aisle", "crowding": "Medium"}
2026-05-17 19:53:37,747 | SENDER=emotion_node         TOPIC=/hri/emotion         SHA256=19defcd11cf6836b7b4682b7403fbda4ccebe3b4ea4b1dc9a12798386ede638f DATA={"source": "*** ATTACKER ***", "label": "Panicked", "confidence": 1.0, "note": "INJECTED \u2014 THIS IS A FAKE EMERGENCY"}
2026-05-17 19:53:38,058 | SENDER=emotion_node         TOPIC=/hri/emotion         SHA256=68d9a54c36e749733e6d72908a91e4bc96e43c189d1488e01d780c25678f9ff1 DATA={"source": "EmotionModel_v1", "label": "Sad", "confidence": 0.89}
2026-05-17 19:53:38,254 | SENDER=motion_node          TOPIC=/hri/motion          SHA256=b966b63b5debbf25d46c48ec4422e3e95c3b80f7177db67671b7f3208ff9c2d0 DATA={"source": "MotionModel_v1", "label": "Approaching", "speed_ms": 0.49}
