2026-05-17 22:08:06,733 | SENDER=context_node         TOPIC=/hri/context         SHA256=f83540b369d62d3a3626f4487a33a8fb933121643231b1e0e5d4aeab15d1aac7 DATA={"source": "ContextModel_v1", "environment": "Museum_Gallery", "crowding": "Low"}
2026-05-17 22:08:06,959 | SENDER=gesture_node         TOPIC=/hri/gesture         SHA256=31fac80f864c6fe7a8e734360896faf52b592c75ee94f68ece09583c653c38ef DATA={"source": "GestureModel_v1", "label": "Thumbs_Up", "confidence": 0.9}
2026-05-17 22:08:07,000 | SENDER=motion_node          TOPIC=/hri/motion          SHA256=78989e765f7d61e4ccb81b85a60fecbbc9b0328fb73e83689b230d5df726c95c DATA={"source": "MotionModel_v1", "label": "Wandering", "speed_ms": 0.32}
2026-05-17 22:08:08,733 | SENDER=context_node         TOPIC=/hri/context         SHA256=b88b3385b15277f264a4977a18a860ce4df5fa37ec2862844eecd37fad4c7813 DATA={"source": "ContextModel_v1", "environment": "Hospital_Corridor", "crowding": "High"}
2026-05-17 22:08:08,959 | SENDER=gesture_node         TOPIC=/hri/gesture         SHA256=f2a4182b8846cf6dce0c43725d11aedca3e19eb17a0c0f1c35fdf913c0165e4d DATA={"source": "GestureModel_v1", "label": "Beckon", "confidence": 0.83}
2026-05-17 22:08:09,000 | SENDER=motion_node          TOPIC=/hri/motion          SHA256=9f02e306dba94f5b14176c35509c05efceefe4142423d3e9c60270867c15a696 DATA={"source": "MotionModel_v1", "label": "Approaching", "speed_ms": 1.12}
2026-05-17 22:08:10,646 | SENDER=emotion_node         TOPIC=/hri/emotion         SHA256=3b0b48fb4ebc8c671cb5891f5b5b8e6b70ad75b2152235da41e3b65f9b324e7a DATA={"source": "EmotionModel_v1", "label": "Angry", "confidence": 0.84}
2026-05-17 22:08:10,733 | SENDER=context_node         TOPIC=/hri/context         SHA256=a64fb3cfbf73edd634404a40b5c36a0c53b982ba75ff4431360d795192f7cd87 DATA={"source": "ContextModel_v1", "environment": "Hospital_Ward", "crowding": "Low"}
2026-05-17 22:08:10,960 | SENDER=gesture_node         TOPIC=/hri/gesture         SHA256=0d4b16c73e3ed1114603730b82027a1fcd65990f149401bbf927fd2589b1ca25 DATA={"source": "GestureModel_v1", "label": "Thumbs_Up", "confidence": 0.85}
2026-05-17 22:08:10,999 | SENDER=motion_node          TOPIC=/hri/motion          SHA256=0a22a9e8ed96ea7a3b8c99534fa58e6447c6ca6502190ef909f33291fa511f7f DATA={"source": "MotionModel_v1", "label": "Stationary", "speed_ms": 0.03}
2026-05-17 22:08:12,649 | SENDER=emotion_node         TOPIC=/hri/emotion         SHA256=6a64b3df5d5d4fa170734db5e68355663f3cfa0e16e340c0f869d534e05559f1 DATA={"source": "EmotionModel_v1", "label": "Neutral", "confidence": 0.87}
2026-05-17 22:08:12,732 | SENDER=context_node         TOPIC=/hri/context         SHA256=a64fb3cfbf73edd634404a40b5c36a0c53b982ba75ff4431360d795192f7cd87 DATA={"source": "ContextModel_v1", "environment": "Hospital_Ward", "crowding": "Low"}
2026-05-17 22:08:12,959 | SENDER=gesture_node         TOPIC=/hri/gesture         SHA256=6d9f44dec9737b364988e46813b11217c1155dab432b7e6a322a7fade490707f DATA={"source": "GestureModel_v1", "label": "Stop", "confidence": 0.99}
2026-05-17 22:08:13,000 | SENDER=motion_node          TOPIC=/hri/motion          SHA256=ccf8e84ea69616f8e08655a401a72ad3f3db3312e574737fc72b17e0c4e97c66 DATA={"source": "MotionModel_v1", "label": "Retreating", "speed_ms": 0.79}
2026-05-17 22:08:14,647 | SENDER=emotion_node         TOPIC=/hri/emotion         SHA256=711685edb11d7f7975b724d921bc9e0c32030b2cc3a9ac2563d875694436b2bc DATA={"source": "EmotionModel_v1", "label": "Sad", "confidence": 0.82}
2026-05-17 22:08:14,733 | SENDER=context_node         TOPIC=/hri/context         SHA256=a64fb3cfbf73edd634404a40b5c36a0c53b982ba75ff4431360d795192f7cd87 DATA={"source": "ContextModel_v1", "environment": "Hospital_Ward", "crowding": "Low"}
2026-05-17 22:08:14,960 | SENDER=gesture_node         TOPIC=/hri/gesture         SHA256=2f3b8570b684d4fa74465f1a58ba3a522605219d3622d152b92fb24550ea7a14 DATA={"source": "GestureModel_v1", "label": "Wave", "confidence": 0.9}
2026-05-17 22:08:14,999 | SENDER=motion_node          TOPIC=/hri/motion          SHA256=0327a96128b9114cf8f3e13870af8ceda5252f3073d588ab3000c4f1e199b29b DATA={"source": "MotionModel_v1", "label": "Retreating", "speed_ms": 0.48}
2026-05-17 22:08:16,648 | SENDER=emotion_node         TOPIC=/hri/emotion         SHA256=21b8d3facfd69e37dd7c79e05619c7e3cab414c0b9e7dd6bf6f2f8eaba7eed36 DATA={"source": "EmotionModel_v1", "label": "Happy", "confidence": 0.91}
2026-05-17 22:08:16,732 | SENDER=context_node         TOPIC=/hri/context         SHA256=a64fb3cfbf73edd634404a40b5c36a0c53b982ba75ff4431360d795192f7cd87 DATA={"source": "ContextModel_v1", "environment": "Hospital_Ward", "crowding": "Low"}
2026-05-17 22:08:16,959 | SENDER=gesture_node         TOPIC=/hri/gesture         SHA256=568ecd36f4f4603ad2d6e88961d9b734b5cf94576fa19fad4c496279ba28f9bd DATA={"source": "GestureModel_v1", "label": "Point", "confidence": 0.92}
2026-05-17 22:08:17,000 | SENDER=motion_node          TOPIC=/hri/motion          SHA256=857dd7fe348f2d1d694a12fb0bdd1035814d95ff8f3e747d5efde92502ce15b7 DATA={"source": "MotionModel_v1", "label": "Wandering", "speed_ms": 0.64}
2026-05-17 22:08:18,647 | SENDER=emotion_node         TOPIC=/hri/emotion         SHA256=c97beabb29a7d067f58838c84617319171a090079c72d75459bf3126e73a0b29 DATA={"source": "EmotionModel_v1", "label": "Panicked", "confidence": 0.92}
2026-05-17 22:08:18,733 | SENDER=context_node         TOPIC=/hri/context         SHA256=f83540b369d62d3a3626f4487a33a8fb933121643231b1e0e5d4aeab15d1aac7 DATA={"source": "ContextModel_v1", "environment": "Museum_Gallery", "crowding": "Low"}
2026-05-17 22:08:18,959 | SENDER=gesture_node         TOPIC=/hri/gesture         SHA256=fdea9da89496b551be658a7c3da499ee1a917f963e7fa137772c70fcb33de972 DATA={"source": "GestureModel_v1", "label": "Beckon", "confidence": 0.9}
2026-05-17 22:08:18,999 | SENDER=motion_node          TOPIC=/hri/motion          SHA256=db7eebdb5b59c97eb8ac3dfc28ab8d918551d5d521ae5d3a926b603a81f8b9e6 DATA={"source": "MotionModel_v1", "label": "Approaching", "speed_ms": 0.98}
2026-05-17 22:08:20,646 | SENDER=emotion_node         TOPIC=/hri/emotion         SHA256=b1b6ae86a9609b1d32e1fc2ad5ce71c410e80d992a52d3150327ed2c5a13d5d0 DATA={"source": "EmotionModel_v1", "label": "Happy", "confidence": 0.96}
2026-05-17 22:08:20,732 | SENDER=context_node         TOPIC=/hri/context         SHA256=f83540b369d62d3a3626f4487a33a8fb933121643231b1e0e5d4aeab15d1aac7 DATA={"source": "ContextModel_v1", "environment": "Museum_Gallery", "crowding": "Low"}
2026-05-17 22:08:20,961 | SENDER=gesture_node         TOPIC=/hri/gesture         SHA256=c16ad41177289a7aadc458401d2c728ab3052043b041cd26005ccbb1aff9192c DATA={"source": "GestureModel_v1", "label": "Stop", "confidence": 0.97}
2026-05-17 22:08:21,000 | SENDER=motion_node          TOPIC=/hri/motion          SHA256=f306eeabc06add98d8bf3dcdaf2cbcb9958227b96469c9ed3423c7a2190d0ed6 DATA={"source": "MotionModel_v1", "label": "Retreating", "speed_ms": 0.57}
2026-05-17 22:08:22,648 | SENDER=emotion_node         TOPIC=/hri/emotion         SHA256=e5cbca8c59c069739e9cdc18ad3ffc7e3ef023c941433dc28c7a7f42eb3facd0 DATA={"source": "EmotionModel_v1", "label": "Confused", "confidence": 0.83}
2026-05-17 22:08:22,733 | SENDER=context_node         TOPIC=/hri/context         SHA256=b88b3385b15277f264a4977a18a860ce4df5fa37ec2862844eecd37fad4c7813 DATA={"source": "ContextModel_v1", "environment": "Hospital_Corridor", "crowding": "High"}
2026-05-17 22:08:22,961 | SENDER=gesture_node         TOPIC=/hri/gesture         SHA256=f8c1e183c4fcefe7027020d7a9e91c173e5bc8d66e5ff5dd8a7fa1a395cc3836 DATA={"source": "GestureModel_v1", "label": "Wave", "confidence": 0.89}
2026-05-17 22:08:23,001 | SENDER=motion_node          TOPIC=/hri/motion          SHA256=fb6561c61adba03224441df133e19f6d510b6c1cae9ebc8c31c309d996c99459 DATA={"source": "MotionModel_v1", "label": "Running", "speed_ms": 3.06}
2026-05-17 22:08:24,647 | SENDER=emotion_node         TOPIC=/hri/emotion         SHA256=759e6c14dfe29e4be0a7725f0f8ce23804ca4e0b14d25a8ad9a90ac97abd8be6 DATA={"source": "EmotionModel_v1", "label": "Sad", "confidence": 0.85}
2026-05-17 22:08:24,732 | SENDER=context_node         TOPIC=/hri/context         SHA256=f83540b369d62d3a3626f4487a33a8fb933121643231b1e0e5d4aeab15d1aac7 DATA={"source": "ContextModel_v1", "environment": "Museum_Gallery", "crowding": "Low"}
2026-05-17 22:08:24,959 | SENDER=gesture_node         TOPIC=/hri/gesture         SHA256=fe1ac882e5c284ef3f3faba2d64e2bacdf8c088b3b07eef400dfd00c66b4d12f DATA={"source": "GestureModel_v1", "label": "Thumbs_Up", "confidence": 0.83}
2026-05-17 22:08:25,000 | SENDER=motion_node          TOPIC=/hri/motion          SHA256=78989e765f7d61e4ccb81b85a60fecbbc9b0328fb73e83689b230d5df726c95c DATA={"source": "MotionModel_v1", "label": "Wandering", "speed_ms": 0.32}
2026-05-17 22:08:26,648 | SENDER=emotion_node         TOPIC=/hri/emotion         SHA256=bd7df66e589fc65612ba80c9511f32ca0bd95b51c08bff4643c46f4c26640c83 DATA={"source": "EmotionModel_v1", "label": "Panicked", "confidence": 0.94}
2026-05-17 22:08:26,733 | SENDER=context_node         TOPIC=/hri/context         SHA256=4f7f3e509d2a45b70dab96481bdeba99e5dd5787b28f81fbd5e9933a5b67478b DATA={"source": "ContextModel_v1", "environment": "Hospital_Reception", "crowding": "Medium"}
2026-05-17 22:08:26,960 | SENDER=gesture_node         TOPIC=/hri/gesture         SHA256=0af1ed4d53f9ad3ab12d0f8ba5c5ded386c66457545958e23cac05adbfcade55 DATA={"source": "GestureModel_v1", "label": "Stop", "confidence": 0.93}
2026-05-17 22:08:27,003 | SENDER=motion_node          TOPIC=/hri/motion          SHA256=2f86b70f9115f538e632ef47af54b54ab21cce9401fac62bb4b60727eda1bb5c DATA={"source": "MotionModel_v1", "label": "Stationary", "speed_ms": 0.04}
2026-05-17 22:08:28,646 | SENDER=emotion_node         TOPIC=/hri/emotion         SHA256=542cb0a557d680d2be3b4f1acda147bc296a1cc1f892f397b93700b4f170d620 DATA={"source": "EmotionModel_v1", "label": "Panicked", "confidence": 0.86}
2026-05-17 22:08:28,733 | SENDER=context_node         TOPIC=/hri/context         SHA256=f83540b369d62d3a3626f4487a33a8fb933121643231b1e0e5d4aeab15d1aac7 DATA={"source": "ContextModel_v1", "environment": "Museum_Gallery", "crowding": "Low"}
2026-05-17 22:08:28,959 | SENDER=gesture_node         TOPIC=/hri/gesture         SHA256=0487e2d6540d8af054e8f92b43ea740b690f8e3f8053f81c2b322e4229a7b9c3 DATA={"source": "GestureModel_v1", "label": "Thumbs_Up", "confidence": 0.91}
2026-05-17 22:08:28,999 | SENDER=motion_node          TOPIC=/hri/motion          SHA256=b12b2f82d197df6c41d159ef36c83f672109cf11d449a3752214aabafccd4136 DATA={"source": "MotionModel_v1", "label": "Retreating", "speed_ms": 0.68}
2026-05-17 22:08:30,647 | SENDER=emotion_node         TOPIC=/hri/emotion         SHA256=dbbe40ed334054aee5be8141a38c431d9bbc4100f1e6718d9fd0c1ad36e3c66c DATA={"source": "EmotionModel_v1", "label": "Panicked", "confidence": 0.93}
2026-05-17 22:08:30,732 | SENDER=context_node         TOPIC=/hri/context         SHA256=4f7f3e509d2a45b70dab96481bdeba99e5dd5787b28f81fbd5e9933a5b67478b DATA={"source": "ContextModel_v1", "environment": "Hospital_Reception", "crowding": "Medium"}
2026-05-17 22:08:30,959 | SENDER=gesture_node         TOPIC=/hri/gesture         SHA256=38c1a32a546f9b7d0dc9fbb5f049ef020c76fb3bcaddc253d8273051dd25311f DATA={"source": "GestureModel_v1", "label": "Point", "confidence": 0.9}
2026-05-17 22:08:30,999 | SENDER=motion_node          TOPIC=/hri/motion          SHA256=034e794213f307bfb577e878adf0acd58c31757e2734083729585f2fa37912ce DATA={"source": "MotionModel_v1", "label": "Retreating", "speed_ms": 0.69}
2026-05-17 22:08:33,868 | SENDER=emotion_node         TOPIC=/hri/emotion         SHA256=fadaa5f34aa75e68c53a9c4886c1b7c4ea635e21a6aecdbd53099b9c8f9a2646 DATA={"source": "EmotionModel_v1", "label": "Sad", "confidence": 0.84}
2026-05-17 22:08:33,950 | SENDER=context_node         TOPIC=/hri/context         SHA256=a64fb3cfbf73edd634404a40b5c36a0c53b982ba75ff4431360d795192f7cd87 DATA={"source": "ContextModel_v1", "environment": "Hospital_Ward", "crowding": "Low"}
2026-05-17 22:08:34,176 | SENDER=gesture_node         TOPIC=/hri/gesture         SHA256=b7e9f74bceb3675a802434847049e10690a0b4ae22f74bb70b7698bea2ca39fc DATA={"source": "GestureModel_v1", "label": "Point", "confidence": 0.82}
2026-05-17 22:08:34,216 | SENDER=motion_node          TOPIC=/hri/motion          SHA256=e955fa80dcd81d588653fe200d770ffa011713a0001939380a3fb2b59d61dd9b DATA={"source": "MotionModel_v1", "label": "Running", "speed_ms": 2.15}
2026-05-17 22:08:34,646 | SENDER=emotion_node         TOPIC=/hri/emotion         SHA256=ea6772e9fef11308c2984fd41b43641a361cff8a01ec39266385419dad9ae817 DATA={"source": "EmotionModel_v1", "label": "Neutral", "confidence": 0.81}
2026-05-17 22:08:34,732 | SENDER=context_node         TOPIC=/hri/context         SHA256=f83540b369d62d3a3626f4487a33a8fb933121643231b1e0e5d4aeab15d1aac7 DATA={"source": "ContextModel_v1", "environment": "Museum_Gallery", "crowding": "Low"}
2026-05-17 22:08:34,959 | SENDER=gesture_node         TOPIC=/hri/gesture         SHA256=567557a1528428c8fb1157a3a0fb4c1690c8c96455870d51ba01fa111151f296 DATA={"source": "GestureModel_v1", "label": "Cross_Arms", "confidence": 0.86}
2026-05-17 22:08:34,999 | SENDER=motion_node          TOPIC=/hri/motion          SHA256=2f86b70f9115f538e632ef47af54b54ab21cce9401fac62bb4b60727eda1bb5c DATA={"source": "MotionModel_v1", "label": "Stationary", "speed_ms": 0.04}
2026-05-17 22:08:36,648 | SENDER=emotion_node         TOPIC=/hri/emotion         SHA256=f4c552f3ac53f1a66424151ab0b59a5d807cfabed51c03e0c2dbd11cdd879540 DATA={"source": "EmotionModel_v1", "label": "Panicked", "confidence": 0.91}
2026-05-17 22:08:36,733 | SENDER=context_node         TOPIC=/hri/context         SHA256=4f7f3e509d2a45b70dab96481bdeba99e5dd5787b28f81fbd5e9933a5b67478b DATA={"source": "ContextModel_v1", "environment": "Hospital_Reception", "crowding": "Medium"}
2026-05-17 22:08:36,959 | SENDER=gesture_node         TOPIC=/hri/gesture         SHA256=58973deffa59167d658d90c2cc450855c6c6d02a30bf6c0386bf922b1cadcd2e DATA={"source": "GestureModel_v1", "label": "Stop", "confidence": 0.95}
2026-05-17 22:08:36,999 | SENDER=motion_node          TOPIC=/hri/motion          SHA256=754f18379b379a5ef0af6bd1bde3e479c819e18a1e9ed34c62d0b83c2d37517b DATA={"source": "MotionModel_v1", "label": "Approaching", "speed_ms": 0.42}
2026-05-17 22:08:38,651 | SENDER=emotion_node         TOPIC=/hri/emotion         SHA256=d22ed276a5200c14818ffa6b93799ed65bf4bb241614118f704e38749bfd3e20 DATA={"source": "EmotionModel_v1", "label": "Confused", "confidence": 0.91}
2026-05-17 22:08:38,732 | SENDER=context_node         TOPIC=/hri/context         SHA256=4f7f3e509d2a45b70dab96481bdeba99e5dd5787b28f81fbd5e9933a5b67478b DATA={"source": "ContextModel_v1", "environment": "Hospital_Reception", "crowding": "Medium"}
2026-05-17 22:08:38,959 | SENDER=gesture_node         TOPIC=/hri/gesture         SHA256=fdea9da89496b551be658a7c3da499ee1a917f963e7fa137772c70fcb33de972 DATA={"source": "GestureModel_v1", "label": "Beckon", "confidence": 0.9}
2026-05-17 22:08:39,000 | SENDER=motion_node          TOPIC=/hri/motion          SHA256=0f62949b57c9654cad0446bc722d2913fe5281749aa0f6e6aa209c6f9e95e5a9 DATA={"source": "MotionModel_v1", "label": "Running", "speed_ms": 1.84}
2026-05-17 22:08:40,646 | SENDER=emotion_node         TOPIC=/hri/emotion         SHA256=9f4fe36c3dbb6f7f4d021d28f1a295f67466675c1893f867480a382a8f8a6e1c DATA={"source": "EmotionModel_v1", "label": "Confused", "confidence": 0.9}
2026-05-17 22:08:40,732 | SENDER=context_node         TOPIC=/hri/context         SHA256=b88b3385b15277f264a4977a18a860ce4df5fa37ec2862844eecd37fad4c7813 DATA={"source": "ContextModel_v1", "environment": "Hospital_Corridor", "crowding": "High"}
2026-05-17 22:08:40,959 | SENDER=gesture_node         TOPIC=/hri/gesture         SHA256=721bd19713e8d22af1a91566b14fbf22e8c148699b69ae10ba23de17f887208b DATA={"source": "GestureModel_v1", "label": "Stop", "confidence": 0.92}
2026-05-17 22:08:40,999 | SENDER=motion_node          TOPIC=/hri/motion          SHA256=d2295dc2c18700754061d741ba1f75031785644cd31f8dfa34c7d051dcf11749 DATA={"source": "MotionModel_v1", "label": "Retreating", "speed_ms": 0.51}
2026-05-17 22:08:42,646 | SENDER=emotion_node         TOPIC=/hri/emotion         SHA256=92ba8953f0a9dc9df5a150689d2aa425d4006226c738c6a5e212ad207cce14db DATA={"source": "EmotionModel_v1", "label": "Sad", "confidence": 0.79}
2026-05-17 22:08:42,733 | SENDER=context_node         TOPIC=/hri/context         SHA256=b88b3385b15277f264a4977a18a860ce4df5fa37ec2862844eecd37fad4c7813 DATA={"source": "ContextModel_v1", "environment": "Hospital_Corridor", "crowding": "High"}
2026-05-17 22:08:42,959 | SENDER=gesture_node         TOPIC=/hri/gesture         SHA256=58fc96a63f43bf5ce2f18d1ef46c6c39612305ca9fffd5d627feb24785ed2036 DATA={"source": "GestureModel_v1", "label": "Thumbs_Up", "confidence": 0.95}
2026-05-17 22:08:43,000 | SENDER=motion_node          TOPIC=/hri/motion          SHA256=515e5c1e86e4d0bbed32a0b4d415c8adc8bf3e01a43b15b6536b8997c40535a1 DATA={"source": "MotionModel_v1", "label": "Stationary", "speed_ms": 0.05}
2026-05-17 22:08:44,647 | SENDER=emotion_node         TOPIC=/hri/emotion         SHA256=7beafe6004ed15f146adec68e8da13641fd903793a7ab000b39e040744469d0f DATA={"source": "EmotionModel_v1", "label": "Angry", "confidence": 0.76}
2026-05-17 22:08:44,732 | SENDER=context_node         TOPIC=/hri/context         SHA256=b88b3385b15277f264a4977a18a860ce4df5fa37ec2862844eecd37fad4c7813 DATA={"source": "ContextModel_v1", "environment": "Hospital_Corridor", "crowding": "High"}
2026-05-17 22:08:44,961 | SENDER=gesture_node         TOPIC=/hri/gesture         SHA256=85eaa2be1b394fcce896c2957809ef37b7f0a76b6dfae67bec49934bbb9fde66 DATA={"source": "GestureModel_v1", "label": "Point", "confidence": 0.94}
2026-05-17 22:08:45,002 | SENDER=motion_node          TOPIC=/hri/motion          SHA256=207ada19d821754b198715c51c60e897375456494f0d4bd1f184a22813172209 DATA={"source": "MotionModel_v1", "label": "Running", "speed_ms": 2.38}
2026-05-17 22:08:46,647 | SENDER=emotion_node         TOPIC=/hri/emotion         SHA256=9f4fe36c3dbb6f7f4d021d28f1a295f67466675c1893f867480a382a8f8a6e1c DATA={"source": "EmotionModel_v1", "label": "Confused", "confidence": 0.9}
2026-05-17 22:08:46,732 | SENDER=context_node         TOPIC=/hri/context         SHA256=f83540b369d62d3a3626f4487a33a8fb933121643231b1e0e5d4aeab15d1aac7 DATA={"source": "ContextModel_v1", "environment": "Museum_Gallery", "crowding": "Low"}
2026-05-17 22:08:46,959 | SENDER=gesture_node         TOPIC=/hri/gesture         SHA256=f8c1e183c4fcefe7027020d7a9e91c173e5bc8d66e5ff5dd8a7fa1a395cc3836 DATA={"source": "GestureModel_v1", "label": "Wave", "confidence": 0.89}
2026-05-17 22:08:46,999 | SENDER=motion_node          TOPIC=/hri/motion          SHA256=e11b7cd5c27f55986bd88915c50afd2f7163b42205ef7f4960fb1df9462c8b30 DATA={"source": "MotionModel_v1", "label": "Wandering", "speed_ms": 0.47}
2026-05-17 22:08:48,647 | SENDER=emotion_node         TOPIC=/hri/emotion         SHA256=b1b6ae86a9609b1d32e1fc2ad5ce71c410e80d992a52d3150327ed2c5a13d5d0 DATA={"source": "EmotionModel_v1", "label": "Happy", "confidence": 0.96}
2026-05-17 22:08:48,733 | SENDER=context_node         TOPIC=/hri/context         SHA256=a64fb3cfbf73edd634404a40b5c36a0c53b982ba75ff4431360d795192f7cd87 DATA={"source": "ContextModel_v1", "environment": "Hospital_Ward", "crowding": "Low"}
2026-05-17 22:08:48,959 | SENDER=gesture_node         TOPIC=/hri/gesture         SHA256=f35c0c663016184390bf9610b8640506db34cf9c64b2d7768d7484190ec03aaf DATA={"source": "GestureModel_v1", "label": "Thumbs_Up", "confidence": 0.93}
2026-05-17 22:08:48,999 | SENDER=motion_node          TOPIC=/hri/motion          SHA256=2c37b6337d616cd8a51669c8b0d33c63fbd0316bd023de0bee1ea63b87992896 DATA={"source": "MotionModel_v1", "label": "Wandering", "speed_ms": 0.35}
2026-05-17 22:08:50,647 | SENDER=emotion_node         TOPIC=/hri/emotion         SHA256=797384a622bb5f4bbeb49a7bb2981f7ffe8eaa0945eccd1184e8443488d819b3 DATA={"source": "EmotionModel_v1", "label": "Happy", "confidence": 0.97}
2026-05-17 22:08:50,732 | SENDER=context_node         TOPIC=/hri/context         SHA256=0328fe086d7abbbd5cc66066c96aec10db560086a0f840535d8d2da0875519d9 DATA={"source": "ContextModel_v1", "environment": "Retail_Aisle", "crowding": "Medium"}
2026-05-17 22:08:50,959 | SENDER=gesture_node         TOPIC=/hri/gesture         SHA256=eea59434a52107b7a82b1ad0c516a773c44b3917b2c46bbfdcb491c4f7882295 DATA={"source": "GestureModel_v1", "label": "Stop", "confidence": 0.98}
2026-05-17 22:08:50,999 | SENDER=motion_node          TOPIC=/hri/motion          SHA256=0185f071c52b5e53f656a1996fda5247eb2c2d84cd003793484415addd0d654a DATA={"source": "MotionModel_v1", "label": "Stationary", "speed_ms": 0.06}
2026-05-17 22:08:52,647 | SENDER=emotion_node         TOPIC=/hri/emotion         SHA256=7f98eff31fa55888f474ad5245abe5d28f0c68cbc6bf5134d39a89c5dac69e36 DATA={"source": "EmotionModel_v1", "label": "Panicked", "confidence": 0.87}
2026-05-17 22:08:52,733 | SENDER=context_node         TOPIC=/hri/context         SHA256=4f7f3e509d2a45b70dab96481bdeba99e5dd5787b28f81fbd5e9933a5b67478b DATA={"source": "ContextModel_v1", "environment": "Hospital_Reception", "crowding": "Medium"}
2026-05-17 22:08:52,960 | SENDER=gesture_node         TOPIC=/hri/gesture         SHA256=ff791522bd7f91043fa4240733a276a7ea3cc81761af1f1759a1d59910f2846f DATA={"source": "GestureModel_v1", "label": "Beckon", "confidence": 0.87}
2026-05-17 22:08:53,000 | SENDER=motion_node          TOPIC=/hri/motion          SHA256=4c5121eba8d78d1e05665090345d0b4cca9ead749b6be6b05db68eaca2a63fad DATA={"source": "MotionModel_v1", "label": "Wandering", "speed_ms": 0.62}
2026-05-17 22:08:54,646 | SENDER=emotion_node         TOPIC=/hri/emotion         SHA256=7f98eff31fa55888f474ad5245abe5d28f0c68cbc6bf5134d39a89c5dac69e36 DATA={"source": "EmotionModel_v1", "label": "Panicked", "confidence": 0.87}
2026-05-17 22:08:54,733 | SENDER=context_node         TOPIC=/hri/context         SHA256=a64fb3cfbf73edd634404a40b5c36a0c53b982ba75ff4431360d795192f7cd87 DATA={"source": "ContextModel_v1", "environment": "Hospital_Ward", "crowding": "Low"}
2026-05-17 22:08:54,959 | SENDER=gesture_node         TOPIC=/hri/gesture         SHA256=ebd25a530fc8fd069779b4d49d56b982d92760d46b5fe301254eac92c2fc909e DATA={"source": "GestureModel_v1", "label": "Point", "confidence": 0.8}
2026-05-17 22:08:55,000 | SENDER=motion_node          TOPIC=/hri/motion          SHA256=5892450183d4fefae66b2a953bfeccbb3c7cf7d41bedc944eea9129103b3b6bf DATA={"source": "MotionModel_v1", "label": "Running", "speed_ms": 1.85}
2026-05-17 22:08:56,647 | SENDER=emotion_node         TOPIC=/hri/emotion         SHA256=1dce560609a9d2f4938db0d258e18578b7f2146af2e9808cea373f78f52767e7 DATA={"source": "EmotionModel_v1", "label": "Angry", "confidence": 0.79}
2026-05-17 22:08:56,733 | SENDER=context_node         TOPIC=/hri/context         SHA256=0328fe086d7abbbd5cc66066c96aec10db560086a0f840535d8d2da0875519d9 DATA={"source": "ContextModel_v1", "environment": "Retail_Aisle", "crowding": "Medium"}
2026-05-17 22:08:56,960 | SENDER=gesture_node         TOPIC=/hri/gesture         SHA256=58fc96a63f43bf5ce2f18d1ef46c6c39612305ca9fffd5d627feb24785ed2036 DATA={"source": "GestureModel_v1", "label": "Thumbs_Up", "confidence": 0.95}
2026-05-17 22:08:57,000 | SENDER=motion_node          TOPIC=/hri/motion          SHA256=961785fcc40bec16ddaad54a8455a3385b0db9a8de0afaafac25d770dc6ce2b7 DATA={"source": "MotionModel_v1", "label": "Stationary", "speed_ms": 0.09}
2026-05-17 22:08:58,647 | SENDER=emotion_node         TOPIC=/hri/emotion         SHA256=92ba8953f0a9dc9df5a150689d2aa425d4006226c738c6a5e212ad207cce14db DATA={"source": "EmotionModel_v1", "label": "Sad", "confidence": 0.79}
2026-05-17 22:08:58,732 | SENDER=context_node         TOPIC=/hri/context         SHA256=a64fb3cfbf73edd634404a40b5c36a0c53b982ba75ff4431360d795192f7cd87 DATA={"source": "ContextModel_v1", "environment": "Hospital_Ward", "crowding": "Low"}
2026-05-17 22:08:58,959 | SENDER=gesture_node         TOPIC=/hri/gesture         SHA256=07f6a18ff66122470059036b3cc30429fda2758668b042c013231913c8770264 DATA={"source": "GestureModel_v1", "label": "Wave", "confidence": 0.96}
2026-05-17 22:08:59,000 | SENDER=motion_node          TOPIC=/hri/motion          SHA256=830f8470071da66a87547228b81bdac7d0d3b1e9772d8b6323e6ce94fe5b3891 DATA={"source": "MotionModel_v1", "label": "Running", "speed_ms": 2.2}
2026-05-17 22:09:00,647 | SENDER=emotion_node         TOPIC=/hri/emotion         SHA256=07d1b20cf76f5acfe8392d055d57b184bce0d401c09383fbdc4a03f808b207a9 DATA={"source": "EmotionModel_v1", "label": "Sad", "confidence": 0.78}
2026-05-17 22:09:00,732 | SENDER=context_node         TOPIC=/hri/context         SHA256=0328fe086d7abbbd5cc66066c96aec10db560086a0f840535d8d2da0875519d9 DATA={"source": "ContextModel_v1", "environment": "Retail_Aisle", "crowding": "Medium"}
2026-05-17 22:09:00,959 | SENDER=gesture_node         TOPIC=/hri/gesture         SHA256=9c23e07af1c553433345d5ea1db582b01f88aaa69cfaff89eaecaa4d16ef97ce DATA={"source": "GestureModel_v1", "label": "Beckon", "confidence": 0.86}
2026-05-17 22:09:01,000 | SENDER=motion_node          TOPIC=/hri/motion          SHA256=0f3221253ddbc68ec5960c6103a1baa1fd4258c2b4eb723b0b6dc4eddb1e95ef DATA={"source": "MotionModel_v1", "label": "Retreating", "speed_ms": 0.84}
2026-05-17 22:09:02,647 | SENDER=emotion_node         TOPIC=/hri/emotion         SHA256=209f12299bf832daf2acca5bd20d94ced3b9001fe96624a0efc4aded1042fe65 DATA={"source": "EmotionModel_v1", "label": "Angry", "confidence": 0.77}
2026-05-17 22:09:02,733 | SENDER=context_node         TOPIC=/hri/context         SHA256=f83540b369d62d3a3626f4487a33a8fb933121643231b1e0e5d4aeab15d1aac7 DATA={"source": "ContextModel_v1", "environment": "Museum_Gallery", "crowding": "Low"}
2026-05-17 22:09:02,960 | SENDER=gesture_node         TOPIC=/hri/gesture         SHA256=1d27a478ca4ab9822d3040f1cd6fca839b3ab9eafc4cbeaa895e44c33aac6f01 DATA={"source": "GestureModel_v1", "label": "Thumbs_Up", "confidence": 0.84}
2026-05-17 22:09:02,999 | SENDER=motion_node          TOPIC=/hri/motion          SHA256=10a19486490dc0f5b04be086f46dce6a1aa9fdfa85c36e409b96e4d120982414 DATA={"source": "MotionModel_v1", "label": "Approaching", "speed_ms": 0.99}
2026-05-17 22:09:04,647 | SENDER=emotion_node         TOPIC=/hri/emotion         SHA256=4637c439325137063921fdb8b3b51f8cc7160eeb5ab0029d5632d992dfb55ca7 DATA={"source": "EmotionModel_v1", "label": "Confused", "confidence": 0.82}
2026-05-17 22:09:04,735 | SENDER=context_node         TOPIC=/hri/context         SHA256=4f7f3e509d2a45b70dab96481bdeba99e5dd5787b28f81fbd5e9933a5b67478b DATA={"source": "ContextModel_v1", "environment": "Hospital_Reception", "crowding": "Medium"}
2026-05-17 22:09:04,959 | SENDER=gesture_node         TOPIC=/hri/gesture         SHA256=1d27a478ca4ab9822d3040f1cd6fca839b3ab9eafc4cbeaa895e44c33aac6f01 DATA={"source": "GestureModel_v1", "label": "Thumbs_Up", "confidence": 0.84}
2026-05-17 22:09:05,000 | SENDER=motion_node          TOPIC=/hri/motion          SHA256=cd75153566d422e17d8d18429df97d0f3c5f972d9c6dca29accb0d4137f18239 DATA={"source": "MotionModel_v1", "label": "Stationary", "speed_ms": 0.01}
2026-05-17 22:09:07,933 | SENDER=emotion_node         TOPIC=/hri/emotion         SHA256=b8012b46ee585333e5073979e18a89cc65619ec7851c1d916ecb1d34f0db83d3 DATA={"source": "EmotionModel_v1", "label": "Confused", "confidence": 0.85}
2026-05-17 22:09:08,019 | SENDER=context_node         TOPIC=/hri/context         SHA256=b88b3385b15277f264a4977a18a860ce4df5fa37ec2862844eecd37fad4c7813 DATA={"source": "ContextModel_v1", "environment": "Hospital_Corridor", "crowding": "High"}
2026-05-17 22:09:08,245 | SENDER=gesture_node         TOPIC=/hri/gesture         SHA256=524ac5ae77246be80b1cc3514691376f3090b4e0d863b2cfb2819871a4f1bd76 DATA={"source": "GestureModel_v1", "label": "Wave", "confidence": 0.88}
2026-05-17 22:09:08,286 | SENDER=motion_node          TOPIC=/hri/motion          SHA256=9da5a27eba272f05f1a812c8a02b2afe5ad351f5433d40e0e90b7024cdf5bc3c DATA={"source": "MotionModel_v1", "label": "Running", "speed_ms": 2.51}
2026-05-17 22:09:08,646 | SENDER=emotion_node         TOPIC=/hri/emotion         SHA256=fadaa5f34aa75e68c53a9c4886c1b7c4ea635e21a6aecdbd53099b9c8f9a2646 DATA={"source": "EmotionModel_v1", "label": "Sad", "confidence": 0.84}
2026-05-17 22:09:08,736 | SENDER=context_node         TOPIC=/hri/context         SHA256=4f7f3e509d2a45b70dab96481bdeba99e5dd5787b28f81fbd5e9933a5b67478b DATA={"source": "ContextModel_v1", "environment": "Hospital_Reception", "crowding": "Medium"}
2026-05-17 22:09:08,959 | SENDER=gesture_node         TOPIC=/hri/gesture         SHA256=e3939c6d249bceae1c9194e70ced34c91a901afbf0d22af6d3a5b3c2558647f5 DATA={"source": "GestureModel_v1", "label": "Stop", "confidence": 0.94}
2026-05-17 22:09:08,999 | SENDER=motion_node          TOPIC=/hri/motion          SHA256=0185f071c52b5e53f656a1996fda5247eb2c2d84cd003793484415addd0d654a DATA={"source": "MotionModel_v1", "label": "Stationary", "speed_ms": 0.06}
2026-05-17 22:09:10,649 | SENDER=emotion_node         TOPIC=/hri/emotion         SHA256=7beafe6004ed15f146adec68e8da13641fd903793a7ab000b39e040744469d0f DATA={"source": "EmotionModel_v1", "label": "Angry", "confidence": 0.76}
2026-05-17 22:09:10,733 | SENDER=context_node         TOPIC=/hri/context         SHA256=0328fe086d7abbbd5cc66066c96aec10db560086a0f840535d8d2da0875519d9 DATA={"source": "ContextModel_v1", "environment": "Retail_Aisle", "crowding": "Medium"}
2026-05-17 22:09:10,961 | SENDER=gesture_node         TOPIC=/hri/gesture         SHA256=4811bf4d8ef8729831d87bd1c5fdac446b9be8533584c275d6c2378e09e8cffe DATA={"source": "GestureModel_v1", "label": "Cross_Arms", "confidence": 0.88}
2026-05-17 22:09:11,000 | SENDER=motion_node          TOPIC=/hri/motion          SHA256=2f02b2731b8616846cabf71a5e65e4a7940b21a93fc2823fcd18fa93c1d95b55 DATA={"source": "MotionModel_v1", "label": "Running", "speed_ms": 2.24}
2026-05-17 22:09:12,650 | SENDER=emotion_node         TOPIC=/hri/emotion         SHA256=f4c552f3ac53f1a66424151ab0b59a5d807cfabed51c03e0c2dbd11cdd879540 DATA={"source": "EmotionModel_v1", "label": "Panicked", "confidence": 0.91}
2026-05-17 22:09:12,732 | SENDER=context_node         TOPIC=/hri/context         SHA256=a64fb3cfbf73edd634404a40b5c36a0c53b982ba75ff4431360d795192f7cd87 DATA={"source": "ContextModel_v1", "environment": "Hospital_Ward", "crowding": "Low"}
2026-05-17 22:09:12,959 | SENDER=gesture_node         TOPIC=/hri/gesture         SHA256=360ed7fd856521fd958c783e3921e09bdc53afd0d257c050d1d631e741a75fbb DATA={"source": "GestureModel_v1", "label": "Thumbs_Up", "confidence": 0.92}
2026-05-17 22:09:12,999 | SENDER=motion_node          TOPIC=/hri/motion          SHA256=b98cff998a20e5203afb56155f8a95e1bc342586f86bc81dbbbde09f71e08a94 DATA={"source": "MotionModel_v1", "label": "Running", "speed_ms": 2.19}
2026-05-17 22:09:14,647 | SENDER=emotion_node         TOPIC=/hri/emotion         SHA256=7f98eff31fa55888f474ad5245abe5d28f0c68cbc6bf5134d39a89c5dac69e36 DATA={"source": "EmotionModel_v1", "label": "Panicked", "confidence": 0.87}
2026-05-17 22:09:14,733 | SENDER=context_node         TOPIC=/hri/context         SHA256=a64fb3cfbf73edd634404a40b5c36a0c53b982ba75ff4431360d795192f7cd87 DATA={"source": "ContextModel_v1", "environment": "Hospital_Ward", "crowding": "Low"}
2026-05-17 22:09:14,959 | SENDER=gesture_node         TOPIC=/hri/gesture         SHA256=ab0c738f88aa89f042fa5de523b57602eb39ca46f6a33a9c066709723504c33b DATA={"source": "GestureModel_v1", "label": "Wave", "confidence": 0.87}
2026-05-17 22:09:14,999 | SENDER=motion_node          TOPIC=/hri/motion          SHA256=b49c8116792eae336bdbf52c4ab625f038c9f26503393bf6dcad7275ef8a1632 DATA={"source": "MotionModel_v1", "label": "Wandering", "speed_ms": 0.33}
2026-05-17 22:09:16,647 | SENDER=emotion_node         TOPIC=/hri/emotion         SHA256=b7ef50907269775339990ba759422603a4410e00b2d9c828a1c34afac74406a3 DATA={"source": "EmotionModel_v1", "label": "Angry", "confidence": 0.9}
2026-05-17 22:09:16,732 | SENDER=context_node         TOPIC=/hri/context         SHA256=4f7f3e509d2a45b70dab96481bdeba99e5dd5787b28f81fbd5e9933a5b67478b DATA={"source": "ContextModel_v1", "environment": "Hospital_Reception", "crowding": "Medium"}
2026-05-17 22:09:16,959 | SENDER=gesture_node         TOPIC=/hri/gesture         SHA256=2f3b8570b684d4fa74465f1a58ba3a522605219d3622d152b92fb24550ea7a14 DATA={"source": "GestureModel_v1", "label": "Wave", "confidence": 0.9}
2026-05-17 22:09:16,999 | SENDER=motion_node          TOPIC=/hri/motion          SHA256=0185f071c52b5e53f656a1996fda5247eb2c2d84cd003793484415addd0d654a DATA={"source": "MotionModel_v1", "label": "Stationary", "speed_ms": 0.06}
2026-05-17 22:09:18,647 | SENDER=emotion_node         TOPIC=/hri/emotion         SHA256=bd7df66e589fc65612ba80c9511f32ca0bd95b51c08bff4643c46f4c26640c83 DATA={"source": "EmotionModel_v1", "label": "Panicked", "confidence": 0.94}
2026-05-17 22:09:18,733 | SENDER=context_node         TOPIC=/hri/context         SHA256=0328fe086d7abbbd5cc66066c96aec10db560086a0f840535d8d2da0875519d9 DATA={"source": "ContextModel_v1", "environment": "Retail_Aisle", "crowding": "Medium"}
2026-05-17 22:09:18,960 | SENDER=gesture_node         TOPIC=/hri/gesture         SHA256=58973deffa59167d658d90c2cc450855c6c6d02a30bf6c0386bf922b1cadcd2e DATA={"source": "GestureModel_v1", "label": "Stop", "confidence": 0.95}
2026-05-17 22:09:18,999 | SENDER=motion_node          TOPIC=/hri/motion          SHA256=a359a737c4a8f83de8a70af073b343f97c0726f835bbb4dbf1d97bf7ee31880f DATA={"source": "MotionModel_v1", "label": "Stationary", "speed_ms": 0.07}
2026-05-17 22:09:20,647 | SENDER=emotion_node         TOPIC=/hri/emotion         SHA256=7f17b9753dea1c89574f88c2320cb01cc212d91a5b4f0840c1479c2befa10a65 DATA={"source": "EmotionModel_v1", "label": "Confused", "confidence": 0.89}
2026-05-17 22:09:20,733 | SENDER=context_node         TOPIC=/hri/context         SHA256=f83540b369d62d3a3626f4487a33a8fb933121643231b1e0e5d4aeab15d1aac7 DATA={"source": "ContextModel_v1", "environment": "Museum_Gallery", "crowding": "Low"}
2026-05-17 22:09:20,959 | SENDER=gesture_node         TOPIC=/hri/gesture         SHA256=ab0c738f88aa89f042fa5de523b57602eb39ca46f6a33a9c066709723504c33b DATA={"source": "GestureModel_v1", "label": "Wave", "confidence": 0.87}
2026-05-17 22:09:21,000 | SENDER=motion_node          TOPIC=/hri/motion          SHA256=885c1d3b05b57794bd4553ada0358b04c5ba1b343bace41b3ceec742f66465c7 DATA={"source": "MotionModel_v1", "label": "Stationary", "speed_ms": 0.02}
2026-05-17 22:09:22,646 | SENDER=emotion_node         TOPIC=/hri/emotion         SHA256=3b0b48fb4ebc8c671cb5891f5b5b8e6b70ad75b2152235da41e3b65f9b324e7a DATA={"source": "EmotionModel_v1", "label": "Angry", "confidence": 0.84}
2026-05-17 22:09:22,733 | SENDER=context_node         TOPIC=/hri/context         SHA256=0328fe086d7abbbd5cc66066c96aec10db560086a0f840535d8d2da0875519d9 DATA={"source": "ContextModel_v1", "environment": "Retail_Aisle", "crowding": "Medium"}
2026-05-17 22:09:22,959 | SENDER=gesture_node         TOPIC=/hri/gesture         SHA256=1bada581df882fed06f7aeae1b239a39313c8b114cc4a7970007d0c88593a117 DATA={"source": "GestureModel_v1", "label": "Stop", "confidence": 0.89}
2026-05-17 22:09:22,999 | SENDER=motion_node          TOPIC=/hri/motion          SHA256=e6345ff6c2a32b16ed01c825d0288734bb1c52f47720ac95d189816bf8ca376c DATA={"source": "MotionModel_v1", "label": "Wandering", "speed_ms": 0.21}
2026-05-17 22:09:24,647 | SENDER=emotion_node         TOPIC=/hri/emotion         SHA256=711685edb11d7f7975b724d921bc9e0c32030b2cc3a9ac2563d875694436b2bc DATA={"source": "EmotionModel_v1", "label": "Sad", "confidence": 0.82}
2026-05-17 22:09:24,732 | SENDER=context_node         TOPIC=/hri/context         SHA256=b88b3385b15277f264a4977a18a860ce4df5fa37ec2862844eecd37fad4c7813 DATA={"source": "ContextModel_v1", "environment": "Hospital_Corridor", "crowding": "High"}
2026-05-17 22:09:24,959 | SENDER=gesture_node         TOPIC=/hri/gesture         SHA256=0487e2d6540d8af054e8f92b43ea740b690f8e3f8053f81c2b322e4229a7b9c3 DATA={"source": "GestureModel_v1", "label": "Thumbs_Up", "confidence": 0.91}
2026-05-17 22:09:24,999 | SENDER=motion_node          TOPIC=/hri/motion          SHA256=03fed77cbc8167c37a5f460e25994d9f9a96c19cfc96a098296e040c04acbbce DATA={"source": "MotionModel_v1", "label": "Stationary", "speed_ms": 0.0}
2026-05-17 22:09:26,648 | SENDER=emotion_node         TOPIC=/hri/emotion         SHA256=9f4fe36c3dbb6f7f4d021d28f1a295f67466675c1893f867480a382a8f8a6e1c DATA={"source": "EmotionModel_v1", "label": "Confused", "confidence": 0.9}
2026-05-17 22:09:26,733 | SENDER=context_node         TOPIC=/hri/context         SHA256=0328fe086d7abbbd5cc66066c96aec10db560086a0f840535d8d2da0875519d9 DATA={"source": "ContextModel_v1", "environment": "Retail_Aisle", "crowding": "Medium"}
2026-05-17 22:09:26,962 | SENDER=gesture_node         TOPIC=/hri/gesture         SHA256=4dd96358b44fa77da98563fdf224de3423c3a9afdb4b88dfc3b64ab2d1d4f66a DATA={"source": "GestureModel_v1", "label": "Point", "confidence": 0.93}
2026-05-17 22:09:27,001 | SENDER=motion_node          TOPIC=/hri/motion          SHA256=73cf2e0c1b81dd075b32d468a583c0df5202de989e4345f38e0be72240a787e0 DATA={"source": "MotionModel_v1", "label": "Running", "speed_ms": 2.98}
2026-05-17 22:09:28,648 | SENDER=emotion_node         TOPIC=/hri/emotion         SHA256=8d8e599249315bb2058d5980ca33284afe65f140ea947ebbf6e5776979b68166 DATA={"source": "EmotionModel_v1", "label": "Angry", "confidence": 0.75}
2026-05-17 22:09:28,733 | SENDER=context_node         TOPIC=/hri/context         SHA256=0328fe086d7abbbd5cc66066c96aec10db560086a0f840535d8d2da0875519d9 DATA={"source": "ContextModel_v1", "environment": "Retail_Aisle", "crowding": "Medium"}
2026-05-17 22:09:28,961 | SENDER=gesture_node         TOPIC=/hri/gesture         SHA256=65c18f592191716bd4713ca0311a437ad474800ebd3506cfd207376f6807f6ba DATA={"source": "GestureModel_v1", "label": "Thumbs_Up", "confidence": 0.87}
2026-05-17 22:09:28,999 | SENDER=motion_node          TOPIC=/hri/motion          SHA256=25224a617f4f5d24aac56905cfb2d9d5216e805b3e97fdb3dbc32db117991aec DATA={"source": "MotionModel_v1", "label": "Wandering", "speed_ms": 0.3}
2026-05-17 22:09:30,647 | SENDER=emotion_node         TOPIC=/hri/emotion         SHA256=2a015f6639b60b948d636ecafda16b2a6c68bdd68bd8f48c96f231733e44a09f DATA={"source": "EmotionModel_v1", "label": "Neutral", "confidence": 0.88}
2026-05-17 22:09:30,733 | SENDER=context_node         TOPIC=/hri/context         SHA256=0328fe086d7abbbd5cc66066c96aec10db560086a0f840535d8d2da0875519d9 DATA={"source": "ContextModel_v1", "environment": "Retail_Aisle", "crowding": "Medium"}
2026-05-17 22:09:30,959 | SENDER=gesture_node         TOPIC=/hri/gesture         SHA256=db95a7d232071aadf9be429e50e34bac857079c691f18c3e65de2a3df72b4407 DATA={"source": "GestureModel_v1", "label": "Wave", "confidence": 0.93}
2026-05-17 22:09:31,000 | SENDER=motion_node          TOPIC=/hri/motion          SHA256=d667a6b7ae61168e3c6be7e6ef2dfbb0194b233f67b08de95aab87e261481cb5 DATA={"source": "MotionModel_v1", "label": "Wandering", "speed_ms": 0.49}
2026-05-17 22:09:32,648 | SENDER=emotion_node         TOPIC=/hri/emotion         SHA256=5fd491b63c5e8c32a95f9626beba45596d13dba494ef814bb8a83401b8dae7b2 DATA={"source": "EmotionModel_v1", "label": "Angry", "confidence": 0.89}
2026-05-17 22:09:32,733 | SENDER=context_node         TOPIC=/hri/context         SHA256=0328fe086d7abbbd5cc66066c96aec10db560086a0f840535d8d2da0875519d9 DATA={"source": "ContextModel_v1", "environment": "Retail_Aisle", "crowding": "Medium"}
2026-05-17 22:09:32,959 | SENDER=gesture_node         TOPIC=/hri/gesture         SHA256=be63e7660b916eb1e9541cc8d01b5d71cd4981159621a37da733f471ba243b94 DATA={"source": "GestureModel_v1", "label": "Point", "confidence": 0.85}
2026-05-17 22:09:32,999 | SENDER=motion_node          TOPIC=/hri/motion          SHA256=961785fcc40bec16ddaad54a8455a3385b0db9a8de0afaafac25d770dc6ce2b7 DATA={"source": "MotionModel_v1", "label": "Stationary", "speed_ms": 0.09}
2026-05-17 22:09:34,649 | SENDER=emotion_node         TOPIC=/hri/emotion         SHA256=23f75cf2aa24df9c9db98112d1e711fb666ec845a4e79c5b61b52919f053e180 DATA={"source": "EmotionModel_v1", "label": "Happy", "confidence": 0.95}
2026-05-17 22:09:34,733 | SENDER=context_node         TOPIC=/hri/context         SHA256=b88b3385b15277f264a4977a18a860ce4df5fa37ec2862844eecd37fad4c7813 DATA={"source": "ContextModel_v1", "environment": "Hospital_Corridor", "crowding": "High"}
2026-05-17 22:09:34,959 | SENDER=gesture_node         TOPIC=/hri/gesture         SHA256=c2ca7ec6a2b868fc6f0b63c137325a34ca152502dcf8c4f14d4fc7668d81b609 DATA={"source": "GestureModel_v1", "label": "Beckon", "confidence": 0.8}
2026-05-17 22:09:35,000 | SENDER=motion_node          TOPIC=/hri/motion          SHA256=cd75153566d422e17d8d18429df97d0f3c5f972d9c6dca29accb0d4137f18239 DATA={"source": "MotionModel_v1", "label": "Stationary", "speed_ms": 0.01}
2026-05-17 22:09:36,649 | SENDER=emotion_node         TOPIC=/hri/emotion         SHA256=3a98de9da719fee6ab907bdae0a4b63a5338cd5475d0e485f5b84c94f98260cf DATA={"source": "EmotionModel_v1", "label": "Neutral", "confidence": 0.9}
2026-05-17 22:09:36,733 | SENDER=context_node         TOPIC=/hri/context         SHA256=a64fb3cfbf73edd634404a40b5c36a0c53b982ba75ff4431360d795192f7cd87 DATA={"source": "ContextModel_v1", "environment": "Hospital_Ward", "crowding": "Low"}
2026-05-17 22:09:36,959 | SENDER=gesture_node         TOPIC=/hri/gesture         SHA256=83fc75fa76f2cce7dc0b791ca84959c902921d73bbc09d8951797b122897cec6 DATA={"source": "GestureModel_v1", "label": "Cross_Arms", "confidence": 0.8}
2026-05-17 22:09:37,000 | SENDER=motion_node          TOPIC=/hri/motion          SHA256=a359a737c4a8f83de8a70af073b343f97c0726f835bbb4dbf1d97bf7ee31880f DATA={"source": "MotionModel_v1", "label": "Stationary", "speed_ms": 0.07}
2026-05-17 22:09:38,646 | SENDER=emotion_node         TOPIC=/hri/emotion         SHA256=7f17b9753dea1c89574f88c2320cb01cc212d91a5b4f0840c1479c2befa10a65 DATA={"source": "EmotionModel_v1", "label": "Confused", "confidence": 0.89}
2026-05-17 22:09:39,896 | SENDER=context_node         TOPIC=/hri/context         SHA256=f83540b369d62d3a3626f4487a33a8fb933121643231b1e0e5d4aeab15d1aac7 DATA={"source": "ContextModel_v1", "environment": "Museum_Gallery", "crowding": "Low"}
2026-05-17 22:09:40,122 | SENDER=gesture_node         TOPIC=/hri/gesture         SHA256=4811bf4d8ef8729831d87bd1c5fdac446b9be8533584c275d6c2378e09e8cffe DATA={"source": "GestureModel_v1", "label": "Cross_Arms", "confidence": 0.88}
2026-05-17 22:09:40,162 | SENDER=motion_node          TOPIC=/hri/motion          SHA256=61015e844836f3c1a97b0ba68763ef66340418d68ae7870b5cd169088205d2ac DATA={"source": "MotionModel_v1", "label": "Running", "speed_ms": 2.9}
2026-05-17 22:09:40,733 | SENDER=context_node         TOPIC=/hri/context         SHA256=4f7f3e509d2a45b70dab96481bdeba99e5dd5787b28f81fbd5e9933a5b67478b DATA={"source": "ContextModel_v1", "environment": "Hospital_Reception", "crowding": "Medium"}
2026-05-17 22:09:40,959 | SENDER=gesture_node         TOPIC=/hri/gesture         SHA256=be63e7660b916eb1e9541cc8d01b5d71cd4981159621a37da733f471ba243b94 DATA={"source": "GestureModel_v1", "label": "Point", "confidence": 0.85}
2026-05-17 22:09:40,999 | SENDER=motion_node          TOPIC=/hri/motion          SHA256=7fcccefe8612ba2a2ec2a15c9b41e3b276b31bc47bc62ba6e331bbf2167ae786 DATA={"source": "MotionModel_v1", "label": "Retreating", "speed_ms": 0.45}
2026-05-17 22:09:41,809 | SENDER=emotion_node         TOPIC=/hri/emotion         SHA256=cde2f37f342c665de86357068364314c9948bbfa70c1390226eacc6c9333742c DATA={"source": "EmotionModel_v1", "label": "Confused", "confidence": 0.92}
2026-05-17 22:09:42,646 | SENDER=emotion_node         TOPIC=/hri/emotion         SHA256=4637c439325137063921fdb8b3b51f8cc7160eeb5ab0029d5632d992dfb55ca7 DATA={"source": "EmotionModel_v1", "label": "Confused", "confidence": 0.82}
2026-05-17 22:09:42,732 | SENDER=context_node         TOPIC=/hri/context         SHA256=0328fe086d7abbbd5cc66066c96aec10db560086a0f840535d8d2da0875519d9 DATA={"source": "ContextModel_v1", "environment": "Retail_Aisle", "crowding": "Medium"}
2026-05-17 22:09:42,962 | SENDER=gesture_node         TOPIC=/hri/gesture         SHA256=d08bf1d062c8563e27397a25cd35892bc811731dee80beff2ea030173d6c2d16 DATA={"source": "GestureModel_v1", "label": "Thumbs_Up", "confidence": 0.86}
2026-05-17 22:09:43,000 | SENDER=motion_node          TOPIC=/hri/motion          SHA256=2314c6b90f5cdeeec411a88ad50bf648ff52421206803eebdc0a7d30195ce260 DATA={"source": "MotionModel_v1", "label": "Approaching", "speed_ms": 0.4}
2026-05-17 22:09:44,648 | SENDER=emotion_node         TOPIC=/hri/emotion         SHA256=338e8a50a73c00172ac7f7628c783deca1c08a88523031c202a56f6b05ae0782 DATA={"source": "EmotionModel_v1", "label": "Confused", "confidence": 0.79}
2026-05-17 22:09:44,733 | SENDER=context_node         TOPIC=/hri/context         SHA256=b88b3385b15277f264a4977a18a860ce4df5fa37ec2862844eecd37fad4c7813 DATA={"source": "ContextModel_v1", "environment": "Hospital_Corridor", "crowding": "High"}
2026-05-17 22:09:44,959 | SENDER=gesture_node         TOPIC=/hri/gesture         SHA256=31fac80f864c6fe7a8e734360896faf52b592c75ee94f68ece09583c653c38ef DATA={"source": "GestureModel_v1", "label": "Thumbs_Up", "confidence": 0.9}
2026-05-17 22:09:45,000 | SENDER=motion_node          TOPIC=/hri/motion          SHA256=f4c847c51bd67796fbf9e77c04c5d1bbbb6437091c1fec2928aad951ca083e0a DATA={"source": "MotionModel_v1", "label": "Retreating", "speed_ms": 0.31}
2026-05-17 22:09:46,647 | SENDER=emotion_node         TOPIC=/hri/emotion         SHA256=7beafe6004ed15f146adec68e8da13641fd903793a7ab000b39e040744469d0f DATA={"source": "EmotionModel_v1", "label": "Angry", "confidence": 0.76}
2026-05-17 22:09:46,733 | SENDER=context_node         TOPIC=/hri/context         SHA256=f83540b369d62d3a3626f4487a33a8fb933121643231b1e0e5d4aeab15d1aac7 DATA={"source": "ContextModel_v1", "environment": "Museum_Gallery", "crowding": "Low"}
2026-05-17 22:09:46,959 | SENDER=gesture_node         TOPIC=/hri/gesture         SHA256=e3939c6d249bceae1c9194e70ced34c91a901afbf0d22af6d3a5b3c2558647f5 DATA={"source": "GestureModel_v1", "label": "Stop", "confidence": 0.94}
2026-05-17 22:09:46,999 | SENDER=motion_node          TOPIC=/hri/motion          SHA256=e21e44a99837779ee276818bfbd407a6419a7514eccf9672a495a5cc85d818f0 DATA={"source": "MotionModel_v1", "label": "Wandering", "speed_ms": 0.41}
2026-05-17 22:09:48,646 | SENDER=emotion_node         TOPIC=/hri/emotion         SHA256=4da8c0dec0a1bf7dc8dae38061acb68cf8c0d5a67c4026578b158d0aacbd4633 DATA={"source": "EmotionModel_v1", "label": "Panicked", "confidence": 0.95}
2026-05-17 22:09:48,733 | SENDER=context_node         TOPIC=/hri/context         SHA256=4f7f3e509d2a45b70dab96481bdeba99e5dd5787b28f81fbd5e9933a5b67478b DATA={"source": "ContextModel_v1", "environment": "Hospital_Reception", "crowding": "Medium"}
2026-05-17 22:09:48,959 | SENDER=gesture_node         TOPIC=/hri/gesture         SHA256=0af1ed4d53f9ad3ab12d0f8ba5c5ded386c66457545958e23cac05adbfcade55 DATA={"source": "GestureModel_v1", "label": "Stop", "confidence": 0.93}
2026-05-17 22:09:48,999 | SENDER=motion_node          TOPIC=/hri/motion          SHA256=961785fcc40bec16ddaad54a8455a3385b0db9a8de0afaafac25d770dc6ce2b7 DATA={"source": "MotionModel_v1", "label": "Stationary", "speed_ms": 0.09}
2026-05-17 22:09:50,649 | SENDER=emotion_node         TOPIC=/hri/emotion         SHA256=fadaa5f34aa75e68c53a9c4886c1b7c4ea635e21a6aecdbd53099b9c8f9a2646 DATA={"source": "EmotionModel_v1", "label": "Sad", "confidence": 0.84}
2026-05-17 22:09:50,734 | SENDER=context_node         TOPIC=/hri/context         SHA256=f83540b369d62d3a3626f4487a33a8fb933121643231b1e0e5d4aeab15d1aac7 DATA={"source": "ContextModel_v1", "environment": "Museum_Gallery", "crowding": "Low"}
2026-05-17 22:09:50,961 | SENDER=gesture_node         TOPIC=/hri/gesture         SHA256=07f6a18ff66122470059036b3cc30429fda2758668b042c013231913c8770264 DATA={"source": "GestureModel_v1", "label": "Wave", "confidence": 0.96}
2026-05-17 22:09:50,999 | SENDER=motion_node          TOPIC=/hri/motion          SHA256=b077429cd749ec5763116ba2393e73e9148ba9066e06efe18d002e3b104433fa DATA={"source": "MotionModel_v1", "label": "Approaching", "speed_ms": 0.41}
2026-05-17 22:09:52,650 | SENDER=emotion_node         TOPIC=/hri/emotion         SHA256=4b2df71a6a968f38a303f5940882ea4a4c80c9e591ef307e98f96607abb289c0 DATA={"source": "EmotionModel_v1", "label": "Panicked", "confidence": 0.9}
2026-05-17 22:09:52,732 | SENDER=context_node         TOPIC=/hri/context         SHA256=4f7f3e509d2a45b70dab96481bdeba99e5dd5787b28f81fbd5e9933a5b67478b DATA={"source": "ContextModel_v1", "environment": "Hospital_Reception", "crowding": "Medium"}
2026-05-17 22:09:52,959 | SENDER=gesture_node         TOPIC=/hri/gesture         SHA256=b7e9f74bceb3675a802434847049e10690a0b4ae22f74bb70b7698bea2ca39fc DATA={"source": "GestureModel_v1", "label": "Point", "confidence": 0.82}
2026-05-17 22:09:52,999 | SENDER=motion_node          TOPIC=/hri/motion          SHA256=0f3221253ddbc68ec5960c6103a1baa1fd4258c2b4eb723b0b6dc4eddb1e95ef DATA={"source": "MotionModel_v1", "label": "Retreating", "speed_ms": 0.84}
2026-05-17 22:09:54,649 | SENDER=emotion_node         TOPIC=/hri/emotion         SHA256=7f98eff31fa55888f474ad5245abe5d28f0c68cbc6bf5134d39a89c5dac69e36 DATA={"source": "EmotionModel_v1", "label": "Panicked", "confidence": 0.87}
2026-05-17 22:09:54,733 | SENDER=context_node         TOPIC=/hri/context         SHA256=a64fb3cfbf73edd634404a40b5c36a0c53b982ba75ff4431360d795192f7cd87 DATA={"source": "ContextModel_v1", "environment": "Hospital_Ward", "crowding": "Low"}
2026-05-17 22:09:54,960 | SENDER=gesture_node         TOPIC=/hri/gesture         SHA256=203b2d0a5edc0f8e97c13de91d282f857606abf810e68b3ce8dba1fa1abc4fe1 DATA={"source": "GestureModel_v1", "label": "Wave", "confidence": 0.94}
2026-05-17 22:09:55,000 | SENDER=motion_node          TOPIC=/hri/motion          SHA256=6a7d735002b525b2bc4da22b9db721451b106eb0a24335a14a944881eb0ee372 DATA={"source": "MotionModel_v1", "label": "Retreating", "speed_ms": 0.4}
2026-05-17 22:09:56,646 | SENDER=emotion_node         TOPIC=/hri/emotion         SHA256=7f17b9753dea1c89574f88c2320cb01cc212d91a5b4f0840c1479c2befa10a65 DATA={"source": "EmotionModel_v1", "label": "Confused", "confidence": 0.89}
2026-05-17 22:09:56,732 | SENDER=context_node         TOPIC=/hri/context         SHA256=a64fb3cfbf73edd634404a40b5c36a0c53b982ba75ff4431360d795192f7cd87 DATA={"source": "ContextModel_v1", "environment": "Hospital_Ward", "crowding": "Low"}
2026-05-17 22:09:56,959 | SENDER=gesture_node         TOPIC=/hri/gesture         SHA256=757678849b1b5e94f27cae2f19e40e63b8696e8864d759874ba58f978f25fc46 DATA={"source": "GestureModel_v1", "label": "Thumbs_Up", "confidence": 0.88}
2026-05-17 22:09:56,999 | SENDER=motion_node          TOPIC=/hri/motion          SHA256=961785fcc40bec16ddaad54a8455a3385b0db9a8de0afaafac25d770dc6ce2b7 DATA={"source": "MotionModel_v1", "label": "Stationary", "speed_ms": 0.09}
2026-05-17 22:09:58,646 | SENDER=emotion_node         TOPIC=/hri/emotion         SHA256=233bd8bb3234061a59ca442d23f43007648a3368103e5675644a5429d0b285b5 DATA={"source": "EmotionModel_v1", "label": "Neutral", "confidence": 0.82}
2026-05-17 22:09:58,732 | SENDER=context_node         TOPIC=/hri/context         SHA256=4f7f3e509d2a45b70dab96481bdeba99e5dd5787b28f81fbd5e9933a5b67478b DATA={"source": "ContextModel_v1", "environment": "Hospital_Reception", "crowding": "Medium"}
2026-05-17 22:09:58,959 | SENDER=gesture_node         TOPIC=/hri/gesture         SHA256=b2a74b9ee4370910c7c9f7d4a909c0ad8e82f3e3373828aec156c25d7bfe406e DATA={"source": "GestureModel_v1", "label": "Beckon", "confidence": 0.84}
2026-05-17 22:09:59,000 | SENDER=motion_node          TOPIC=/hri/motion          SHA256=0a22a9e8ed96ea7a3b8c99534fa58e6447c6ca6502190ef909f33291fa511f7f DATA={"source": "MotionModel_v1", "label": "Stationary", "speed_ms": 0.03}
2026-05-17 22:10:00,648 | SENDER=emotion_node         TOPIC=/hri/emotion         SHA256=938d6edfbd07d1573b515bde9a93cbfbfcbbbd4f3096e3e016e5fda18998b7e4 DATA={"source": "EmotionModel_v1", "label": "Neutral", "confidence": 0.94}
2026-05-17 22:10:00,733 | SENDER=context_node         TOPIC=/hri/context         SHA256=4f7f3e509d2a45b70dab96481bdeba99e5dd5787b28f81fbd5e9933a5b67478b DATA={"source": "ContextModel_v1", "environment": "Hospital_Reception", "crowding": "Medium"}
2026-05-17 22:10:00,959 | SENDER=gesture_node         TOPIC=/hri/gesture         SHA256=a38e66de273fdf9c4bcf47f30e6a136157b9efeb105beda4246cf2cce8c37314 DATA={"source": "GestureModel_v1", "label": "Beckon", "confidence": 0.81}
2026-05-17 22:10:00,999 | SENDER=motion_node          TOPIC=/hri/motion          SHA256=2c7ac27d2a2e5d1417bb25f90eb6189bc44cd1f806fc42d10fc6bcd70fb5d83c DATA={"source": "MotionModel_v1", "label": "Retreating", "speed_ms": 0.33}
2026-05-17 22:10:02,648 | SENDER=emotion_node         TOPIC=/hri/emotion         SHA256=dbbe40ed334054aee5be8141a38c431d9bbc4100f1e6718d9fd0c1ad36e3c66c DATA={"source": "EmotionModel_v1", "label": "Panicked", "confidence": 0.93}
2026-05-17 22:10:02,732 | SENDER=context_node         TOPIC=/hri/context         SHA256=f83540b369d62d3a3626f4487a33a8fb933121643231b1e0e5d4aeab15d1aac7 DATA={"source": "ContextModel_v1", "environment": "Museum_Gallery", "crowding": "Low"}
2026-05-17 22:10:02,959 | SENDER=gesture_node         TOPIC=/hri/gesture         SHA256=f35c0c663016184390bf9610b8640506db34cf9c64b2d7768d7484190ec03aaf DATA={"source": "GestureModel_v1", "label": "Thumbs_Up", "confidence": 0.93}
2026-05-17 22:10:02,999 | SENDER=motion_node          TOPIC=/hri/motion          SHA256=d2295dc2c18700754061d741ba1f75031785644cd31f8dfa34c7d051dcf11749 DATA={"source": "MotionModel_v1", "label": "Retreating", "speed_ms": 0.51}
2026-05-17 22:10:04,646 | SENDER=emotion_node         TOPIC=/hri/emotion         SHA256=003585fd167f61cac7b5f185b4559b1326f928d6d22ff3679164d2ae0adacf95 DATA={"source": "EmotionModel_v1", "label": "Happy", "confidence": 0.94}
2026-05-17 22:10:04,732 | SENDER=context_node         TOPIC=/hri/context         SHA256=a64fb3cfbf73edd634404a40b5c36a0c53b982ba75ff4431360d795192f7cd87 DATA={"source": "ContextModel_v1", "environment": "Hospital_Ward", "crowding": "Low"}
2026-05-17 22:10:04,959 | SENDER=gesture_node         TOPIC=/hri/gesture         SHA256=524ac5ae77246be80b1cc3514691376f3090b4e0d863b2cfb2819871a4f1bd76 DATA={"source": "GestureModel_v1", "label": "Wave", "confidence": 0.88}
2026-05-17 22:10:04,999 | SENDER=motion_node          TOPIC=/hri/motion          SHA256=857dd7fe348f2d1d694a12fb0bdd1035814d95ff8f3e747d5efde92502ce15b7 DATA={"source": "MotionModel_v1", "label": "Wandering", "speed_ms": 0.64}
2026-05-17 22:10:06,646 | SENDER=emotion_node         TOPIC=/hri/emotion         SHA256=c5793a326aaafa2680ba4284459d95ab792410348373037a6131eebc1451b6b6 DATA={"source": "EmotionModel_v1", "label": "Angry", "confidence": 0.83}
2026-05-17 22:10:06,732 | SENDER=context_node         TOPIC=/hri/context         SHA256=a64fb3cfbf73edd634404a40b5c36a0c53b982ba75ff4431360d795192f7cd87 DATA={"source": "ContextModel_v1", "environment": "Hospital_Ward", "crowding": "Low"}
2026-05-17 22:10:06,959 | SENDER=gesture_node         TOPIC=/hri/gesture         SHA256=1c4bf8cfbf6ec011b354970c1b5129a92da93c01e886f096868f44f668b5cc3f DATA={"source": "GestureModel_v1", "label": "Stop", "confidence": 0.96}
2026-05-17 22:10:06,999 | SENDER=motion_node          TOPIC=/hri/motion          SHA256=5bc2d5d070e2233c27d0ada07bd690145a2a5ba2be08bbc2b866ff0889ab2cd0 DATA={"source": "MotionModel_v1", "label": "Wandering", "speed_ms": 0.68}
2026-05-17 22:10:08,649 | SENDER=emotion_node         TOPIC=/hri/emotion         SHA256=07d1b20cf76f5acfe8392d055d57b184bce0d401c09383fbdc4a03f808b207a9 DATA={"source": "EmotionModel_v1", "label": "Sad", "confidence": 0.78}
2026-05-17 22:10:08,733 | SENDER=context_node         TOPIC=/hri/context         SHA256=f83540b369d62d3a3626f4487a33a8fb933121643231b1e0e5d4aeab15d1aac7 DATA={"source": "ContextModel_v1", "environment": "Museum_Gallery", "crowding": "Low"}
2026-05-17 22:10:08,959 | SENDER=gesture_node         TOPIC=/hri/gesture         SHA256=360ed7fd856521fd958c783e3921e09bdc53afd0d257c050d1d631e741a75fbb DATA={"source": "GestureModel_v1", "label": "Thumbs_Up", "confidence": 0.92}
2026-05-17 22:10:08,999 | SENDER=motion_node          TOPIC=/hri/motion          SHA256=b50a1667a1efadf78b882dc529c5dcd83bb8cbbe741cc1e34c677b50b2ef15c9 DATA={"source": "MotionModel_v1", "label": "Running", "speed_ms": 3.42}
2026-05-17 22:10:10,649 | SENDER=emotion_node         TOPIC=/hri/emotion         SHA256=9c3a6d92f4d460c51551e184fafb9f9f41552534d0d7adf16bddfea14a771c37 DATA={"source": "EmotionModel_v1", "label": "Sad", "confidence": 0.86}
2026-05-17 22:10:10,733 | SENDER=context_node         TOPIC=/hri/context         SHA256=f83540b369d62d3a3626f4487a33a8fb933121643231b1e0e5d4aeab15d1aac7 DATA={"source": "ContextModel_v1", "environment": "Museum_Gallery", "crowding": "Low"}
2026-05-17 22:10:10,960 | SENDER=gesture_node         TOPIC=/hri/gesture         SHA256=0487e2d6540d8af054e8f92b43ea740b690f8e3f8053f81c2b322e4229a7b9c3 DATA={"source": "GestureModel_v1", "label": "Thumbs_Up", "confidence": 0.91}
2026-05-17 22:10:10,999 | SENDER=motion_node          TOPIC=/hri/motion          SHA256=37b953c050d876926b959d5f581dadf017b22dae81a601aed1fdeccafce2ae7c DATA={"source": "MotionModel_v1", "label": "Approaching", "speed_ms": 0.78}
2026-05-17 22:10:13,930 | SENDER=emotion_node         TOPIC=/hri/emotion         SHA256=4da8c0dec0a1bf7dc8dae38061acb68cf8c0d5a67c4026578b158d0aacbd4633 DATA={"source": "EmotionModel_v1", "label": "Panicked", "confidence": 0.95}
2026-05-17 22:10:14,015 | SENDER=context_node         TOPIC=/hri/context         SHA256=a64fb3cfbf73edd634404a40b5c36a0c53b982ba75ff4431360d795192f7cd87 DATA={"source": "ContextModel_v1", "environment": "Hospital_Ward", "crowding": "Low"}
2026-05-17 22:10:14,244 | SENDER=gesture_node         TOPIC=/hri/gesture         SHA256=2f3b8570b684d4fa74465f1a58ba3a522605219d3622d152b92fb24550ea7a14 DATA={"source": "GestureModel_v1", "label": "Wave", "confidence": 0.9}
2026-05-17 22:10:14,282 | SENDER=motion_node          TOPIC=/hri/motion          SHA256=879f95b56d79b2b1c4901042eec5e4906062c2e86907dbb627987d93b8d7c1fa DATA={"source": "MotionModel_v1", "label": "Retreating", "speed_ms": 0.5}
2026-05-17 22:10:14,649 | SENDER=emotion_node         TOPIC=/hri/emotion         SHA256=7f98eff31fa55888f474ad5245abe5d28f0c68cbc6bf5134d39a89c5dac69e36 DATA={"source": "EmotionModel_v1", "label": "Panicked", "confidence": 0.87}
2026-05-17 22:10:14,733 | SENDER=context_node         TOPIC=/hri/context         SHA256=a64fb3cfbf73edd634404a40b5c36a0c53b982ba75ff4431360d795192f7cd87 DATA={"source": "ContextModel_v1", "environment": "Hospital_Ward", "crowding": "Low"}
2026-05-17 22:10:14,961 | SENDER=gesture_node         TOPIC=/hri/gesture         SHA256=f8c1e183c4fcefe7027020d7a9e91c173e5bc8d66e5ff5dd8a7fa1a395cc3836 DATA={"source": "GestureModel_v1", "label": "Wave", "confidence": 0.89}
2026-05-17 22:10:15,000 | SENDER=motion_node          TOPIC=/hri/motion          SHA256=cd75153566d422e17d8d18429df97d0f3c5f972d9c6dca29accb0d4137f18239 DATA={"source": "MotionModel_v1", "label": "Stationary", "speed_ms": 0.01}
2026-05-17 22:10:16,648 | SENDER=emotion_node         TOPIC=/hri/emotion         SHA256=e30599e6c0fab427ab771542e4b7bd161d6a35e6f7013faaccfba323cb1d8dee DATA={"source": "EmotionModel_v1", "label": "Sad", "confidence": 0.9}
2026-05-17 22:10:16,734 | SENDER=context_node         TOPIC=/hri/context         SHA256=0328fe086d7abbbd5cc66066c96aec10db560086a0f840535d8d2da0875519d9 DATA={"source": "ContextModel_v1", "environment": "Retail_Aisle", "crowding": "Medium"}
2026-05-17 22:10:16,963 | SENDER=gesture_node         TOPIC=/hri/gesture         SHA256=496c30aba574f6aef0224ec0ba0c88384a73aab8db8bf34baa5e9fda39080e3a DATA={"source": "GestureModel_v1", "label": "Cross_Arms", "confidence": 0.87}
2026-05-17 22:10:17,002 | SENDER=motion_node          TOPIC=/hri/motion          SHA256=0d61f213b6f40f2828d8f86e25ddbf3684fb49d23aa3c12573eebd6aea2f3865 DATA={"source": "MotionModel_v1", "label": "Retreating", "speed_ms": 0.36}
2026-05-17 22:10:18,646 | SENDER=emotion_node         TOPIC=/hri/emotion         SHA256=6a64b3df5d5d4fa170734db5e68355663f3cfa0e16e340c0f869d534e05559f1 DATA={"source": "EmotionModel_v1", "label": "Neutral", "confidence": 0.87}
2026-05-17 22:10:18,737 | SENDER=context_node         TOPIC=/hri/context         SHA256=a64fb3cfbf73edd634404a40b5c36a0c53b982ba75ff4431360d795192f7cd87 DATA={"source": "ContextModel_v1", "environment": "Hospital_Ward", "crowding": "Low"}
2026-05-17 22:10:18,963 | SENDER=gesture_node         TOPIC=/hri/gesture         SHA256=5fed337a0a41811d63db9d6e9998b6775db60af51dbcca4d2364cde34df5fac4 DATA={"source": "GestureModel_v1", "label": "Stop", "confidence": 0.9}
2026-05-17 22:10:19,012 | SENDER=motion_node          TOPIC=/hri/motion          SHA256=f26412890ffd4d2630432da1bb56a0c7641d54766e27452224c7cac4543ff3c4 DATA={"source": "MotionModel_v1", "label": "Approaching", "speed_ms": 0.63}
2026-05-17 22:10:20,650 | SENDER=emotion_node         TOPIC=/hri/emotion         SHA256=938d6edfbd07d1573b515bde9a93cbfbfcbbbd4f3096e3e016e5fda18998b7e4 DATA={"source": "EmotionModel_v1", "label": "Neutral", "confidence": 0.94}
2026-05-17 22:10:20,733 | SENDER=context_node         TOPIC=/hri/context         SHA256=0328fe086d7abbbd5cc66066c96aec10db560086a0f840535d8d2da0875519d9 DATA={"source": "ContextModel_v1", "environment": "Retail_Aisle", "crowding": "Medium"}
2026-05-17 22:10:20,960 | SENDER=gesture_node         TOPIC=/hri/gesture         SHA256=a3e7e2cbad1a013fe4afeb2b49a4084ba7a389be5aa136a97f339829cb995bcf DATA={"source": "GestureModel_v1", "label": "Wave", "confidence": 0.92}
2026-05-17 22:10:20,999 | SENDER=motion_node          TOPIC=/hri/motion          SHA256=12961301161fe52cdcf0e5b0837664c4173e38428dc1f1ff2b861b4ac8009fd3 DATA={"source": "MotionModel_v1", "label": "Retreating", "speed_ms": 0.56}
2026-05-17 22:10:22,647 | SENDER=emotion_node         TOPIC=/hri/emotion         SHA256=2f82ecce2e3618087f7024ad42d3e0b6360e608be5d9efbca7fdef5171a408c2 DATA={"source": "EmotionModel_v1", "label": "Happy", "confidence": 0.93}
2026-05-17 22:10:22,732 | SENDER=context_node         TOPIC=/hri/context         SHA256=0328fe086d7abbbd5cc66066c96aec10db560086a0f840535d8d2da0875519d9 DATA={"source": "ContextModel_v1", "environment": "Retail_Aisle", "crowding": "Medium"}
2026-05-17 22:10:22,959 | SENDER=gesture_node         TOPIC=/hri/gesture         SHA256=c16ad41177289a7aadc458401d2c728ab3052043b041cd26005ccbb1aff9192c DATA={"source": "GestureModel_v1", "label": "Stop", "confidence": 0.97}
2026-05-17 22:10:22,999 | SENDER=motion_node          TOPIC=/hri/motion          SHA256=885c1d3b05b57794bd4553ada0358b04c5ba1b343bace41b3ceec742f66465c7 DATA={"source": "MotionModel_v1", "label": "Stationary", "speed_ms": 0.02}
2026-05-17 22:10:24,649 | SENDER=emotion_node         TOPIC=/hri/emotion         SHA256=d22ed276a5200c14818ffa6b93799ed65bf4bb241614118f704e38749bfd3e20 DATA={"source": "EmotionModel_v1", "label": "Confused", "confidence": 0.91}
2026-05-17 22:10:24,732 | SENDER=context_node         TOPIC=/hri/context         SHA256=0328fe086d7abbbd5cc66066c96aec10db560086a0f840535d8d2da0875519d9 DATA={"source": "ContextModel_v1", "environment": "Retail_Aisle", "crowding": "Medium"}
2026-05-17 22:10:24,959 | SENDER=gesture_node         TOPIC=/hri/gesture         SHA256=3279851d7c516d167854e919eb80987f7ab72a3a4351ea05a7d402b0f22d7efb DATA={"source": "GestureModel_v1", "label": "Point", "confidence": 0.84}
2026-05-17 22:10:24,999 | SENDER=motion_node          TOPIC=/hri/motion          SHA256=24328139fe8359e86563f0d61980936a1f25f6f810a304164ffab43d82f78eca DATA={"source": "MotionModel_v1", "label": "Approaching", "speed_ms": 0.66}
2026-05-17 22:10:26,648 | SENDER=emotion_node         TOPIC=/hri/emotion         SHA256=9f4fe36c3dbb6f7f4d021d28f1a295f67466675c1893f867480a382a8f8a6e1c DATA={"source": "EmotionModel_v1", "label": "Confused", "confidence": 0.9}
2026-05-17 22:10:26,733 | SENDER=context_node         TOPIC=/hri/context         SHA256=4f7f3e509d2a45b70dab96481bdeba99e5dd5787b28f81fbd5e9933a5b67478b DATA={"source": "ContextModel_v1", "environment": "Hospital_Reception", "crowding": "Medium"}
2026-05-17 22:10:26,963 | SENDER=gesture_node         TOPIC=/hri/gesture         SHA256=eea59434a52107b7a82b1ad0c516a773c44b3917b2c46bbfdcb491c4f7882295 DATA={"source": "GestureModel_v1", "label": "Stop", "confidence": 0.98}
2026-05-17 22:10:27,001 | SENDER=motion_node          TOPIC=/hri/motion          SHA256=7b597c1ca55c03e02b859e4b12873d7ae89bb4033245337d537ac8b5f21ae7a6 DATA={"source": "MotionModel_v1", "label": "Wandering", "speed_ms": 0.34}
2026-05-17 22:10:28,646 | SENDER=emotion_node         TOPIC=/hri/emotion         SHA256=f4c552f3ac53f1a66424151ab0b59a5d807cfabed51c03e0c2dbd11cdd879540 DATA={"source": "EmotionModel_v1", "label": "Panicked", "confidence": 0.91}
2026-05-17 22:10:28,736 | SENDER=context_node         TOPIC=/hri/context         SHA256=0328fe086d7abbbd5cc66066c96aec10db560086a0f840535d8d2da0875519d9 DATA={"source": "ContextModel_v1", "environment": "Retail_Aisle", "crowding": "Medium"}
2026-05-17 22:10:28,959 | SENDER=gesture_node         TOPIC=/hri/gesture         SHA256=b868a174d8ba7b418c2e22e16d8986433ad618437acdea1412231009383b4b5c DATA={"source": "GestureModel_v1", "label": "Thumbs_Up", "confidence": 0.96}
2026-05-17 22:10:28,999 | SENDER=motion_node          TOPIC=/hri/motion          SHA256=2f86b70f9115f538e632ef47af54b54ab21cce9401fac62bb4b60727eda1bb5c DATA={"source": "MotionModel_v1", "label": "Stationary", "speed_ms": 0.04}
2026-05-17 22:10:30,647 | SENDER=emotion_node         TOPIC=/hri/emotion         SHA256=4637c439325137063921fdb8b3b51f8cc7160eeb5ab0029d5632d992dfb55ca7 DATA={"source": "EmotionModel_v1", "label": "Confused", "confidence": 0.82}
2026-05-17 22:10:30,732 | SENDER=context_node         TOPIC=/hri/context         SHA256=a64fb3cfbf73edd634404a40b5c36a0c53b982ba75ff4431360d795192f7cd87 DATA={"source": "ContextModel_v1", "environment": "Hospital_Ward", "crowding": "Low"}
2026-05-17 22:10:30,959 | SENDER=gesture_node         TOPIC=/hri/gesture         SHA256=3ecfd8986e395125c84f18e5ae99ca501d0aeb626128e03435d34223d907b0dd DATA={"source": "GestureModel_v1", "label": "Point", "confidence": 0.91}
2026-05-17 22:10:30,999 | SENDER=motion_node          TOPIC=/hri/motion          SHA256=4c5121eba8d78d1e05665090345d0b4cca9ead749b6be6b05db68eaca2a63fad DATA={"source": "MotionModel_v1", "label": "Wandering", "speed_ms": 0.62}
2026-05-17 22:10:32,646 | SENDER=emotion_node         TOPIC=/hri/emotion         SHA256=1a6b6cd8ce54374fcf1708ed772ae33dc72925ef1859d2984c199c36d21e8af5 DATA={"source": "EmotionModel_v1", "label": "Sad", "confidence": 0.87}
2026-05-17 22:10:32,733 | SENDER=context_node         TOPIC=/hri/context         SHA256=b88b3385b15277f264a4977a18a860ce4df5fa37ec2862844eecd37fad4c7813 DATA={"source": "ContextModel_v1", "environment": "Hospital_Corridor", "crowding": "High"}
2026-05-17 22:10:32,959 | SENDER=gesture_node         TOPIC=/hri/gesture         SHA256=fdea9da89496b551be658a7c3da499ee1a917f963e7fa137772c70fcb33de972 DATA={"source": "GestureModel_v1", "label": "Beckon", "confidence": 0.9}
2026-05-17 22:10:32,999 | SENDER=motion_node          TOPIC=/hri/motion          SHA256=59b4efc830ee822eaae8ba2df4197a32bfd7987df8c58e64810d2f6dccdb5aaa DATA={"source": "MotionModel_v1", "label": "Running", "speed_ms": 1.86}
2026-05-17 22:10:34,649 | SENDER=emotion_node         TOPIC=/hri/emotion         SHA256=e30599e6c0fab427ab771542e4b7bd161d6a35e6f7013faaccfba323cb1d8dee DATA={"source": "EmotionModel_v1", "label": "Sad", "confidence": 0.9}
2026-05-17 22:10:34,734 | SENDER=context_node         TOPIC=/hri/context         SHA256=b88b3385b15277f264a4977a18a860ce4df5fa37ec2862844eecd37fad4c7813 DATA={"source": "ContextModel_v1", "environment": "Hospital_Corridor", "crowding": "High"}
2026-05-17 22:10:34,959 | SENDER=gesture_node         TOPIC=/hri/gesture         SHA256=e3939c6d249bceae1c9194e70ced34c91a901afbf0d22af6d3a5b3c2558647f5 DATA={"source": "GestureModel_v1", "label": "Stop", "confidence": 0.94}
2026-05-17 22:10:34,999 | SENDER=motion_node          TOPIC=/hri/motion          SHA256=ad2aabd030d9c55025077b3532362a9fdf013d5b2619abcddd864e82171bdfef DATA={"source": "MotionModel_v1", "label": "Approaching", "speed_ms": 0.83}
2026-05-17 22:10:36,647 | SENDER=emotion_node         TOPIC=/hri/emotion         SHA256=f2e2284b448df588085b93775de04d8df75669b0ad8cbf575bd3bd6687926aa1 DATA={"source": "EmotionModel_v1", "label": "Sad", "confidence": 0.91}
2026-05-17 22:10:36,733 | SENDER=context_node         TOPIC=/hri/context         SHA256=4f7f3e509d2a45b70dab96481bdeba99e5dd5787b28f81fbd5e9933a5b67478b DATA={"source": "ContextModel_v1", "environment": "Hospital_Reception", "crowding": "Medium"}
2026-05-17 22:10:36,959 | SENDER=gesture_node         TOPIC=/hri/gesture         SHA256=9cef38e1acce95f0a1a6d96909f129fc840f11c10b317618806b9c900bcd3a47 DATA={"source": "GestureModel_v1", "label": "Stop", "confidence": 0.88}
2026-05-17 22:10:36,999 | SENDER=motion_node          TOPIC=/hri/motion          SHA256=1ecb173ba0e067e96549f5acfb86d9810d38e45404603dad22c04f9f518932c8 DATA={"source": "MotionModel_v1", "label": "Wandering", "speed_ms": 0.48}
2026-05-17 22:10:38,647 | SENDER=emotion_node         TOPIC=/hri/emotion         SHA256=b8012b46ee585333e5073979e18a89cc65619ec7851c1d916ecb1d34f0db83d3 DATA={"source": "EmotionModel_v1", "label": "Confused", "confidence": 0.85}
2026-05-17 22:10:38,733 | SENDER=context_node         TOPIC=/hri/context         SHA256=4f7f3e509d2a45b70dab96481bdeba99e5dd5787b28f81fbd5e9933a5b67478b DATA={"source": "ContextModel_v1", "environment": "Hospital_Reception", "crowding": "Medium"}
2026-05-17 22:10:38,959 | SENDER=gesture_node         TOPIC=/hri/gesture         SHA256=5b48d474e5c719d0060512121537934ef68d74571173327fae0285e65aba623b DATA={"source": "GestureModel_v1", "label": "Beckon", "confidence": 0.88}
2026-05-17 22:10:38,999 | SENDER=motion_node          TOPIC=/hri/motion          SHA256=13417c68be85f1816e4baf40427386561cb02707235d3a284acce4a87c89397e DATA={"source": "MotionModel_v1", "label": "Retreating", "speed_ms": 0.75}
2026-05-17 22:10:40,650 | SENDER=emotion_node         TOPIC=/hri/emotion         SHA256=d22ed276a5200c14818ffa6b93799ed65bf4bb241614118f704e38749bfd3e20 DATA={"source": "EmotionModel_v1", "label": "Confused", "confidence": 0.91}
2026-05-17 22:10:40,734 | SENDER=context_node         TOPIC=/hri/context         SHA256=a64fb3cfbf73edd634404a40b5c36a0c53b982ba75ff4431360d795192f7cd87 DATA={"source": "ContextModel_v1", "environment": "Hospital_Ward", "crowding": "Low"}
2026-05-17 22:10:40,963 | SENDER=gesture_node         TOPIC=/hri/gesture         SHA256=fe1ac882e5c284ef3f3faba2d64e2bacdf8c088b3b07eef400dfd00c66b4d12f DATA={"source": "GestureModel_v1", "label": "Thumbs_Up", "confidence": 0.83}
2026-05-17 22:10:41,010 | SENDER=motion_node          TOPIC=/hri/motion          SHA256=e9e72f3216bab8d211a7c31ca4e5f8789e65e366b5af64640c006f1b08db5710 DATA={"source": "MotionModel_v1", "label": "Stationary", "speed_ms": 0.08}
2026-05-17 22:10:42,650 | SENDER=emotion_node         TOPIC=/hri/emotion         SHA256=7f98eff31fa55888f474ad5245abe5d28f0c68cbc6bf5134d39a89c5dac69e36 DATA={"source": "EmotionModel_v1", "label": "Panicked", "confidence": 0.87}
2026-05-17 22:10:42,733 | SENDER=context_node         TOPIC=/hri/context         SHA256=0328fe086d7abbbd5cc66066c96aec10db560086a0f840535d8d2da0875519d9 DATA={"source": "ContextModel_v1", "environment": "Retail_Aisle", "crowding": "Medium"}
2026-05-17 22:10:42,963 | SENDER=gesture_node         TOPIC=/hri/gesture         SHA256=5fed337a0a41811d63db9d6e9998b6775db60af51dbcca4d2364cde34df5fac4 DATA={"source": "GestureModel_v1", "label": "Stop", "confidence": 0.9}
2026-05-17 22:10:43,000 | SENDER=motion_node          TOPIC=/hri/motion          SHA256=0185f071c52b5e53f656a1996fda5247eb2c2d84cd003793484415addd0d654a DATA={"source": "MotionModel_v1", "label": "Stationary", "speed_ms": 0.06}
2026-05-17 22:10:44,647 | SENDER=emotion_node         TOPIC=/hri/emotion         SHA256=92ba8953f0a9dc9df5a150689d2aa425d4006226c738c6a5e212ad207cce14db DATA={"source": "EmotionModel_v1", "label": "Sad", "confidence": 0.79}
2026-05-17 22:10:44,732 | SENDER=context_node         TOPIC=/hri/context         SHA256=4f7f3e509d2a45b70dab96481bdeba99e5dd5787b28f81fbd5e9933a5b67478b DATA={"source": "ContextModel_v1", "environment": "Hospital_Reception", "crowding": "Medium"}
2026-05-17 22:10:44,961 | SENDER=gesture_node         TOPIC=/hri/gesture         SHA256=be63e7660b916eb1e9541cc8d01b5d71cd4981159621a37da733f471ba243b94 DATA={"source": "GestureModel_v1", "label": "Point", "confidence": 0.85}
2026-05-17 22:10:45,001 | SENDER=motion_node          TOPIC=/hri/motion          SHA256=515e5c1e86e4d0bbed32a0b4d415c8adc8bf3e01a43b15b6536b8997c40535a1 DATA={"source": "MotionModel_v1", "label": "Stationary", "speed_ms": 0.05}
2026-05-17 22:10:47,920 | SENDER=emotion_node         TOPIC=/hri/emotion         SHA256=58f2a9c7827b5c84aab43cc7d2ed27bba5eac2d03fb0f135bf0f54e21702bf89 DATA={"source": "EmotionModel_v1", "label": "Angry", "confidence": 0.92}
2026-05-17 22:10:48,004 | SENDER=context_node         TOPIC=/hri/context         SHA256=4f7f3e509d2a45b70dab96481bdeba99e5dd5787b28f81fbd5e9933a5b67478b DATA={"source": "ContextModel_v1", "environment": "Hospital_Reception", "crowding": "Medium"}
2026-05-17 22:10:48,233 | SENDER=gesture_node         TOPIC=/hri/gesture         SHA256=f3a5e9fd5f47af06408d6a01da4f6c1cef0aabb11188d59709928a9a43a32fa8 DATA={"source": "GestureModel_v1", "label": "Wave", "confidence": 0.86}
2026-05-17 22:10:48,277 | SENDER=motion_node          TOPIC=/hri/motion          SHA256=7ccc38389c27ea3826fff81babff4a0ef8dd00c259c877883ca2d21ab20e8278 DATA={"source": "MotionModel_v1", "label": "Wandering", "speed_ms": 0.39}
2026-05-17 22:10:48,649 | SENDER=emotion_node         TOPIC=/hri/emotion         SHA256=f2084d172f0a61d589af23a490cc7f24a8e4c61bdadda5d13175df941e1c60e2 DATA={"source": "EmotionModel_v1", "label": "Neutral", "confidence": 0.91}
2026-05-17 22:10:48,736 | SENDER=context_node         TOPIC=/hri/context         SHA256=f83540b369d62d3a3626f4487a33a8fb933121643231b1e0e5d4aeab15d1aac7 DATA={"source": "ContextModel_v1", "environment": "Museum_Gallery", "crowding": "Low"}
2026-05-17 22:10:48,962 | SENDER=gesture_node         TOPIC=/hri/gesture         SHA256=41858cb651ab8d66a77131f1667e8d6152a1ef706585d2251aaddd3d2bb550ab DATA={"source": "GestureModel_v1", "label": "Stop", "confidence": 0.91}
2026-05-17 22:10:49,003 | SENDER=motion_node          TOPIC=/hri/motion          SHA256=4039ff7997ed4137e689a94a502cc9105a55f8fb8d898f170f5ea1a420335702 DATA={"source": "MotionModel_v1", "label": "Running", "speed_ms": 3.01}
2026-05-17 22:10:50,650 | SENDER=emotion_node         TOPIC=/hri/emotion         SHA256=21b8d3facfd69e37dd7c79e05619c7e3cab414c0b9e7dd6bf6f2f8eaba7eed36 DATA={"source": "EmotionModel_v1", "label": "Happy", "confidence": 0.91}
2026-05-17 22:10:50,732 | SENDER=context_node         TOPIC=/hri/context         SHA256=f83540b369d62d3a3626f4487a33a8fb933121643231b1e0e5d4aeab15d1aac7 DATA={"source": "ContextModel_v1", "environment": "Museum_Gallery", "crowding": "Low"}
2026-05-17 22:10:50,962 | SENDER=gesture_node         TOPIC=/hri/gesture         SHA256=a38e66de273fdf9c4bcf47f30e6a136157b9efeb105beda4246cf2cce8c37314 DATA={"source": "GestureModel_v1", "label": "Beckon", "confidence": 0.81}
2026-05-17 22:10:51,004 | SENDER=motion_node          TOPIC=/hri/motion          SHA256=cd0d4e8c708c445990f453084a73d05136c11a19618ed8bba064446cdeab5158 DATA={"source": "MotionModel_v1", "label": "Running", "speed_ms": 2.29}
2026-05-17 22:10:52,646 | SENDER=emotion_node         TOPIC=/hri/emotion         SHA256=106fd6dedd10a3a6624aac4bffac863c64467df79eb883bf7599f0bf3c63f2c2 DATA={"source": "EmotionModel_v1", "label": "Neutral", "confidence": 0.85}
2026-05-17 22:10:52,732 | SENDER=context_node         TOPIC=/hri/context         SHA256=0328fe086d7abbbd5cc66066c96aec10db560086a0f840535d8d2da0875519d9 DATA={"source": "ContextModel_v1", "environment": "Retail_Aisle", "crowding": "Medium"}
2026-05-17 22:10:52,959 | SENDER=gesture_node         TOPIC=/hri/gesture         SHA256=af86edf6ee4495d7dc4fdbaeb3805b2c35947be88da925ea476e0d15668fe167 DATA={"source": "GestureModel_v1", "label": "Cross_Arms", "confidence": 0.89}
2026-05-17 22:10:52,999 | SENDER=motion_node          TOPIC=/hri/motion          SHA256=e6345ff6c2a32b16ed01c825d0288734bb1c52f47720ac95d189816bf8ca376c DATA={"source": "MotionModel_v1", "label": "Wandering", "speed_ms": 0.21}
2026-05-17 22:10:54,646 | SENDER=emotion_node         TOPIC=/hri/emotion         SHA256=fadaa5f34aa75e68c53a9c4886c1b7c4ea635e21a6aecdbd53099b9c8f9a2646 DATA={"source": "EmotionModel_v1", "label": "Sad", "confidence": 0.84}
2026-05-17 22:10:54,733 | SENDER=context_node         TOPIC=/hri/context         SHA256=0328fe086d7abbbd5cc66066c96aec10db560086a0f840535d8d2da0875519d9 DATA={"source": "ContextModel_v1", "environment": "Retail_Aisle", "crowding": "Medium"}
