[0.494s] DEBUG:colcon:Command line arguments: ['/usr/bin/colcon', 'build', '--packages-select', 'hri_secure_nodes', '--symlink-install']
[0.494s] DEBUG:colcon:Parsed command line arguments: Namespace(log_base=None, log_level=None, verb_name='build', build_base='build', install_base='install', merge_install=False, symlink_install=True, test_result_base=None, continue_on_error=False, executor='parallel', parallel_workers=4, event_handlers=None, ignore_user_meta=False, metas=['./colcon.meta'], base_paths=['.'], packages_ignore=None, packages_ignore_regex=None, paths=None, packages_up_to=None, packages_up_to_regex=None, packages_above=None, packages_above_and_dependencies=None, packages_above_depth=None, packages_select_by_dep=None, packages_skip_by_dep=None, packages_skip_up_to=None, packages_select_build_failed=False, packages_skip_build_finished=False, packages_select_test_failures=False, packages_skip_test_passed=False, packages_select=['hri_secure_nodes'], packages_skip=None, packages_select_regex=None, packages_skip_regex=None, packages_start=None, packages_end=None, allow_overriding=[], cmake_args=None, cmake_target=None, cmake_target_skip_unavailable=False, cmake_clean_cache=False, cmake_clean_first=False, cmake_force_configure=False, ament_cmake_args=None, catkin_cmake_args=None, catkin_skip_building_tests=False, mixin_files=None, mixin=None, verb_parser=<colcon_mixin.mixin.mixin_argument.MixinArgumentDecorator object at 0x7b603c07d910>, verb_extension=<colcon_core.verb.build.BuildVerb object at 0x7b603c07d670>, main=<bound method BuildVerb.main of <colcon_core.verb.build.BuildVerb object at 0x7b603c07d670>>, mixin_verb=('build',))
[0.624s] Level 1:colcon.colcon_core.package_discovery:discover_packages(colcon_meta) check parameters
[0.624s] Level 1:colcon.colcon_core.package_discovery:discover_packages(recursive) check parameters
[0.624s] Level 1:colcon.colcon_core.package_discovery:discover_packages(ignore) check parameters
[0.624s] Level 1:colcon.colcon_core.package_discovery:discover_packages(path) check parameters
[0.624s] Level 1:colcon.colcon_core.package_discovery:discover_packages(colcon_meta) discover
[0.625s] Level 1:colcon.colcon_core.package_discovery:discover_packages(recursive) discover
[0.625s] INFO:colcon.colcon_core.package_discovery:Crawling recursively for packages in '/home/tharun/secure_hri_ws'
[0.625s] Level 1:colcon.colcon_core.package_identification:_identify(.) by extensions ['ignore', 'ignore_ament_install']
[0.625s] Level 1:colcon.colcon_core.package_identification:_identify(.) by extension 'ignore'
[0.625s] Level 1:colcon.colcon_core.package_identification:_identify(.) by extension 'ignore_ament_install'
[0.625s] Level 1:colcon.colcon_core.package_identification:_identify(.) by extensions ['colcon_pkg']
[0.625s] Level 1:colcon.colcon_core.package_identification:_identify(.) by extension 'colcon_pkg'
[0.625s] Level 1:colcon.colcon_core.package_identification:_identify(.) by extensions ['colcon_meta']
[0.626s] Level 1:colcon.colcon_core.package_identification:_identify(.) by extension 'colcon_meta'
[0.626s] Level 1:colcon.colcon_core.package_identification:_identify(.) by extensions ['ros']
[0.626s] Level 1:colcon.colcon_core.package_identification:_identify(.) by extension 'ros'
[0.705s] Level 1:colcon.colcon_core.package_identification:_identify(.) by extensions ['cmake', 'python']
[0.705s] Level 1:colcon.colcon_core.package_identification:_identify(.) by extension 'cmake'
[0.705s] Level 1:colcon.colcon_core.package_identification:_identify(.) by extension 'python'
[0.705s] Level 1:colcon.colcon_core.package_identification:_identify(.) by extensions ['python_setup_py']
[0.705s] Level 1:colcon.colcon_core.package_identification:_identify(.) by extension 'python_setup_py'
[0.706s] Level 1:colcon.colcon_core.package_identification:_identify(build) by extensions ['ignore', 'ignore_ament_install']
[0.706s] Level 1:colcon.colcon_core.package_identification:_identify(build) by extension 'ignore'
[0.706s] Level 1:colcon.colcon_core.package_identification:_identify(build) ignored
[0.706s] Level 1:colcon.colcon_core.package_identification:_identify(install) by extensions ['ignore', 'ignore_ament_install']
[0.706s] Level 1:colcon.colcon_core.package_identification:_identify(install) by extension 'ignore'
[0.706s] Level 1:colcon.colcon_core.package_identification:_identify(install) ignored
[0.706s] Level 1:colcon.colcon_core.package_identification:_identify(keystore) by extensions ['ignore', 'ignore_ament_install']
[0.707s] Level 1:colcon.colcon_core.package_identification:_identify(keystore) by extension 'ignore'
[0.707s] Level 1:colcon.colcon_core.package_identification:_identify(keystore) by extension 'ignore_ament_install'
[0.707s] Level 1:colcon.colcon_core.package_identification:_identify(keystore) by extensions ['colcon_pkg']
[0.707s] Level 1:colcon.colcon_core.package_identification:_identify(keystore) by extension 'colcon_pkg'
[0.707s] Level 1:colcon.colcon_core.package_identification:_identify(keystore) by extensions ['colcon_meta']
[0.707s] Level 1:colcon.colcon_core.package_identification:_identify(keystore) by extension 'colcon_meta'
[0.707s] Level 1:colcon.colcon_core.package_identification:_identify(keystore) by extensions ['ros']
[0.707s] Level 1:colcon.colcon_core.package_identification:_identify(keystore) by extension 'ros'
[0.707s] Level 1:colcon.colcon_core.package_identification:_identify(keystore) by extensions ['cmake', 'python']
[0.707s] Level 1:colcon.colcon_core.package_identification:_identify(keystore) by extension 'cmake'
[0.708s] Level 1:colcon.colcon_core.package_identification:_identify(keystore) by extension 'python'
[0.708s] Level 1:colcon.colcon_core.package_identification:_identify(keystore) by extensions ['python_setup_py']
[0.708s] Level 1:colcon.colcon_core.package_identification:_identify(keystore) by extension 'python_setup_py'
[0.708s] Level 1:colcon.colcon_core.package_identification:_identify(keystore/enclaves) by extensions ['ignore', 'ignore_ament_install']
[0.708s] Level 1:colcon.colcon_core.package_identification:_identify(keystore/enclaves) by extension 'ignore'
[0.708s] Level 1:colcon.colcon_core.package_identification:_identify(keystore/enclaves) by extension 'ignore_ament_install'
[0.708s] Level 1:colcon.colcon_core.package_identification:_identify(keystore/enclaves) by extensions ['colcon_pkg']
[0.708s] Level 1:colcon.colcon_core.package_identification:_identify(keystore/enclaves) by extension 'colcon_pkg'
[0.709s] Level 1:colcon.colcon_core.package_identification:_identify(keystore/enclaves) by extensions ['colcon_meta']
[0.709s] Level 1:colcon.colcon_core.package_identification:_identify(keystore/enclaves) by extension 'colcon_meta'
[0.709s] Level 1:colcon.colcon_core.package_identification:_identify(keystore/enclaves) by extensions ['ros']
[0.709s] Level 1:colcon.colcon_core.package_identification:_identify(keystore/enclaves) by extension 'ros'
[0.709s] Level 1:colcon.colcon_core.package_identification:_identify(keystore/enclaves) by extensions ['cmake', 'python']
[0.709s] Level 1:colcon.colcon_core.package_identification:_identify(keystore/enclaves) by extension 'cmake'
[0.709s] Level 1:colcon.colcon_core.package_identification:_identify(keystore/enclaves) by extension 'python'
[0.709s] Level 1:colcon.colcon_core.package_identification:_identify(keystore/enclaves) by extensions ['python_setup_py']
[0.709s] Level 1:colcon.colcon_core.package_identification:_identify(keystore/enclaves) by extension 'python_setup_py'
[0.710s] Level 1:colcon.colcon_core.package_identification:_identify(keystore/enclaves/context_node) by extensions ['ignore', 'ignore_ament_install']
[0.710s] Level 1:colcon.colcon_core.package_identification:_identify(keystore/enclaves/context_node) by extension 'ignore'
[0.710s] Level 1:colcon.colcon_core.package_identification:_identify(keystore/enclaves/context_node) by extension 'ignore_ament_install'
[0.710s] Level 1:colcon.colcon_core.package_identification:_identify(keystore/enclaves/context_node) by extensions ['colcon_pkg']
[0.710s] Level 1:colcon.colcon_core.package_identification:_identify(keystore/enclaves/context_node) by extension 'colcon_pkg'
[0.710s] Level 1:colcon.colcon_core.package_identification:_identify(keystore/enclaves/context_node) by extensions ['colcon_meta']
[0.710s] Level 1:colcon.colcon_core.package_identification:_identify(keystore/enclaves/context_node) by extension 'colcon_meta'
[0.710s] Level 1:colcon.colcon_core.package_identification:_identify(keystore/enclaves/context_node) by extensions ['ros']
[0.710s] Level 1:colcon.colcon_core.package_identification:_identify(keystore/enclaves/context_node) by extension 'ros'
[0.711s] Level 1:colcon.colcon_core.package_identification:_identify(keystore/enclaves/context_node) by extensions ['cmake', 'python']
[0.711s] Level 1:colcon.colcon_core.package_identification:_identify(keystore/enclaves/context_node) by extension 'cmake'
[0.711s] Level 1:colcon.colcon_core.package_identification:_identify(keystore/enclaves/context_node) by extension 'python'
[0.711s] Level 1:colcon.colcon_core.package_identification:_identify(keystore/enclaves/context_node) by extensions ['python_setup_py']
[0.711s] Level 1:colcon.colcon_core.package_identification:_identify(keystore/enclaves/context_node) by extension 'python_setup_py'
[0.711s] Level 1:colcon.colcon_core.package_identification:_identify(keystore/enclaves/emotion_node) by extensions ['ignore', 'ignore_ament_install']
[0.711s] Level 1:colcon.colcon_core.package_identification:_identify(keystore/enclaves/emotion_node) by extension 'ignore'
[0.711s] Level 1:colcon.colcon_core.package_identification:_identify(keystore/enclaves/emotion_node) by extension 'ignore_ament_install'
[0.712s] Level 1:colcon.colcon_core.package_identification:_identify(keystore/enclaves/emotion_node) by extensions ['colcon_pkg']
[0.712s] Level 1:colcon.colcon_core.package_identification:_identify(keystore/enclaves/emotion_node) by extension 'colcon_pkg'
[0.712s] Level 1:colcon.colcon_core.package_identification:_identify(keystore/enclaves/emotion_node) by extensions ['colcon_meta']
[0.712s] Level 1:colcon.colcon_core.package_identification:_identify(keystore/enclaves/emotion_node) by extension 'colcon_meta'
[0.712s] Level 1:colcon.colcon_core.package_identification:_identify(keystore/enclaves/emotion_node) by extensions ['ros']
[0.712s] Level 1:colcon.colcon_core.package_identification:_identify(keystore/enclaves/emotion_node) by extension 'ros'
[0.712s] Level 1:colcon.colcon_core.package_identification:_identify(keystore/enclaves/emotion_node) by extensions ['cmake', 'python']
[0.712s] Level 1:colcon.colcon_core.package_identification:_identify(keystore/enclaves/emotion_node) by extension 'cmake'
[0.712s] Level 1:colcon.colcon_core.package_identification:_identify(keystore/enclaves/emotion_node) by extension 'python'
[0.712s] Level 1:colcon.colcon_core.package_identification:_identify(keystore/enclaves/emotion_node) by extensions ['python_setup_py']
[0.712s] Level 1:colcon.colcon_core.package_identification:_identify(keystore/enclaves/emotion_node) by extension 'python_setup_py'
[0.713s] Level 1:colcon.colcon_core.package_identification:_identify(keystore/enclaves/fusion_engine_node) by extensions ['ignore', 'ignore_ament_install']
[0.713s] Level 1:colcon.colcon_core.package_identification:_identify(keystore/enclaves/fusion_engine_node) by extension 'ignore'
[0.713s] Level 1:colcon.colcon_core.package_identification:_identify(keystore/enclaves/fusion_engine_node) by extension 'ignore_ament_install'
[0.713s] Level 1:colcon.colcon_core.package_identification:_identify(keystore/enclaves/fusion_engine_node) by extensions ['colcon_pkg']
[0.713s] Level 1:colcon.colcon_core.package_identification:_identify(keystore/enclaves/fusion_engine_node) by extension 'colcon_pkg'
[0.713s] Level 1:colcon.colcon_core.package_identification:_identify(keystore/enclaves/fusion_engine_node) by extensions ['colcon_meta']
[0.713s] Level 1:colcon.colcon_core.package_identification:_identify(keystore/enclaves/fusion_engine_node) by extension 'colcon_meta'
[0.714s] Level 1:colcon.colcon_core.package_identification:_identify(keystore/enclaves/fusion_engine_node) by extensions ['ros']
[0.714s] Level 1:colcon.colcon_core.package_identification:_identify(keystore/enclaves/fusion_engine_node) by extension 'ros'
[0.714s] Level 1:colcon.colcon_core.package_identification:_identify(keystore/enclaves/fusion_engine_node) by extensions ['cmake', 'python']
[0.714s] Level 1:colcon.colcon_core.package_identification:_identify(keystore/enclaves/fusion_engine_node) by extension 'cmake'
[0.714s] Level 1:colcon.colcon_core.package_identification:_identify(keystore/enclaves/fusion_engine_node) by extension 'python'
[0.714s] Level 1:colcon.colcon_core.package_identification:_identify(keystore/enclaves/fusion_engine_node) by extensions ['python_setup_py']
[0.714s] Level 1:colcon.colcon_core.package_identification:_identify(keystore/enclaves/fusion_engine_node) by extension 'python_setup_py'
[0.715s] Level 1:colcon.colcon_core.package_identification:_identify(keystore/enclaves/gesture_node) by extensions ['ignore', 'ignore_ament_install']
[0.715s] Level 1:colcon.colcon_core.package_identification:_identify(keystore/enclaves/gesture_node) by extension 'ignore'
[0.715s] Level 1:colcon.colcon_core.package_identification:_identify(keystore/enclaves/gesture_node) by extension 'ignore_ament_install'
[0.715s] Level 1:colcon.colcon_core.package_identification:_identify(keystore/enclaves/gesture_node) by extensions ['colcon_pkg']
[0.715s] Level 1:colcon.colcon_core.package_identification:_identify(keystore/enclaves/gesture_node) by extension 'colcon_pkg'
[0.715s] Level 1:colcon.colcon_core.package_identification:_identify(keystore/enclaves/gesture_node) by extensions ['colcon_meta']
[0.715s] Level 1:colcon.colcon_core.package_identification:_identify(keystore/enclaves/gesture_node) by extension 'colcon_meta'
[0.715s] Level 1:colcon.colcon_core.package_identification:_identify(keystore/enclaves/gesture_node) by extensions ['ros']
[0.715s] Level 1:colcon.colcon_core.package_identification:_identify(keystore/enclaves/gesture_node) by extension 'ros'
[0.716s] Level 1:colcon.colcon_core.package_identification:_identify(keystore/enclaves/gesture_node) by extensions ['cmake', 'python']
[0.716s] Level 1:colcon.colcon_core.package_identification:_identify(keystore/enclaves/gesture_node) by extension 'cmake'
[0.716s] Level 1:colcon.colcon_core.package_identification:_identify(keystore/enclaves/gesture_node) by extension 'python'
[0.716s] Level 1:colcon.colcon_core.package_identification:_identify(keystore/enclaves/gesture_node) by extensions ['python_setup_py']
[0.716s] Level 1:colcon.colcon_core.package_identification:_identify(keystore/enclaves/gesture_node) by extension 'python_setup_py'
[0.716s] Level 1:colcon.colcon_core.package_identification:_identify(keystore/enclaves/motion_node) by extensions ['ignore', 'ignore_ament_install']
[0.716s] Level 1:colcon.colcon_core.package_identification:_identify(keystore/enclaves/motion_node) by extension 'ignore'
[0.717s] Level 1:colcon.colcon_core.package_identification:_identify(keystore/enclaves/motion_node) by extension 'ignore_ament_install'
[0.717s] Level 1:colcon.colcon_core.package_identification:_identify(keystore/enclaves/motion_node) by extensions ['colcon_pkg']
[0.717s] Level 1:colcon.colcon_core.package_identification:_identify(keystore/enclaves/motion_node) by extension 'colcon_pkg'
[0.717s] Level 1:colcon.colcon_core.package_identification:_identify(keystore/enclaves/motion_node) by extensions ['colcon_meta']
[0.717s] Level 1:colcon.colcon_core.package_identification:_identify(keystore/enclaves/motion_node) by extension 'colcon_meta'
[0.717s] Level 1:colcon.colcon_core.package_identification:_identify(keystore/enclaves/motion_node) by extensions ['ros']
[0.717s] Level 1:colcon.colcon_core.package_identification:_identify(keystore/enclaves/motion_node) by extension 'ros'
[0.717s] Level 1:colcon.colcon_core.package_identification:_identify(keystore/enclaves/motion_node) by extensions ['cmake', 'python']
[0.717s] Level 1:colcon.colcon_core.package_identification:_identify(keystore/enclaves/motion_node) by extension 'cmake'
[0.718s] Level 1:colcon.colcon_core.package_identification:_identify(keystore/enclaves/motion_node) by extension 'python'
[0.719s] Level 1:colcon.colcon_core.package_identification:_identify(keystore/enclaves/motion_node) by extensions ['python_setup_py']
[0.719s] Level 1:colcon.colcon_core.package_identification:_identify(keystore/enclaves/motion_node) by extension 'python_setup_py'
[0.719s] Level 1:colcon.colcon_core.package_identification:_identify(keystore/private) by extensions ['ignore', 'ignore_ament_install']
[0.719s] Level 1:colcon.colcon_core.package_identification:_identify(keystore/private) by extension 'ignore'
[0.719s] Level 1:colcon.colcon_core.package_identification:_identify(keystore/private) by extension 'ignore_ament_install'
[0.719s] Level 1:colcon.colcon_core.package_identification:_identify(keystore/private) by extensions ['colcon_pkg']
[0.719s] Level 1:colcon.colcon_core.package_identification:_identify(keystore/private) by extension 'colcon_pkg'
[0.719s] Level 1:colcon.colcon_core.package_identification:_identify(keystore/private) by extensions ['colcon_meta']
[0.720s] Level 1:colcon.colcon_core.package_identification:_identify(keystore/private) by extension 'colcon_meta'
[0.720s] Level 1:colcon.colcon_core.package_identification:_identify(keystore/private) by extensions ['ros']
[0.720s] Level 1:colcon.colcon_core.package_identification:_identify(keystore/private) by extension 'ros'
[0.720s] Level 1:colcon.colcon_core.package_identification:_identify(keystore/private) by extensions ['cmake', 'python']
[0.720s] Level 1:colcon.colcon_core.package_identification:_identify(keystore/private) by extension 'cmake'
[0.720s] Level 1:colcon.colcon_core.package_identification:_identify(keystore/private) by extension 'python'
[0.720s] Level 1:colcon.colcon_core.package_identification:_identify(keystore/private) by extensions ['python_setup_py']
[0.720s] Level 1:colcon.colcon_core.package_identification:_identify(keystore/private) by extension 'python_setup_py'
[0.720s] Level 1:colcon.colcon_core.package_identification:_identify(keystore/public) by extensions ['ignore', 'ignore_ament_install']
[0.721s] Level 1:colcon.colcon_core.package_identification:_identify(keystore/public) by extension 'ignore'
[0.721s] Level 1:colcon.colcon_core.package_identification:_identify(keystore/public) by extension 'ignore_ament_install'
[0.721s] Level 1:colcon.colcon_core.package_identification:_identify(keystore/public) by extensions ['colcon_pkg']
[0.721s] Level 1:colcon.colcon_core.package_identification:_identify(keystore/public) by extension 'colcon_pkg'
[0.721s] Level 1:colcon.colcon_core.package_identification:_identify(keystore/public) by extensions ['colcon_meta']
[0.721s] Level 1:colcon.colcon_core.package_identification:_identify(keystore/public) by extension 'colcon_meta'
[0.721s] Level 1:colcon.colcon_core.package_identification:_identify(keystore/public) by extensions ['ros']
[0.721s] Level 1:colcon.colcon_core.package_identification:_identify(keystore/public) by extension 'ros'
[0.722s] Level 1:colcon.colcon_core.package_identification:_identify(keystore/public) by extensions ['cmake', 'python']
[0.722s] Level 1:colcon.colcon_core.package_identification:_identify(keystore/public) by extension 'cmake'
[0.722s] Level 1:colcon.colcon_core.package_identification:_identify(keystore/public) by extension 'python'
[0.722s] Level 1:colcon.colcon_core.package_identification:_identify(keystore/public) by extensions ['python_setup_py']
[0.722s] Level 1:colcon.colcon_core.package_identification:_identify(keystore/public) by extension 'python_setup_py'
[0.722s] Level 1:colcon.colcon_core.package_identification:_identify(launch) by extensions ['ignore', 'ignore_ament_install']
[0.722s] Level 1:colcon.colcon_core.package_identification:_identify(launch) by extension 'ignore'
[0.722s] Level 1:colcon.colcon_core.package_identification:_identify(launch) by extension 'ignore_ament_install'
[0.722s] Level 1:colcon.colcon_core.package_identification:_identify(launch) by extensions ['colcon_pkg']
[0.722s] Level 1:colcon.colcon_core.package_identification:_identify(launch) by extension 'colcon_pkg'
[0.723s] Level 1:colcon.colcon_core.package_identification:_identify(launch) by extensions ['colcon_meta']
[0.723s] Level 1:colcon.colcon_core.package_identification:_identify(launch) by extension 'colcon_meta'
[0.723s] Level 1:colcon.colcon_core.package_identification:_identify(launch) by extensions ['ros']
[0.723s] Level 1:colcon.colcon_core.package_identification:_identify(launch) by extension 'ros'
[0.723s] Level 1:colcon.colcon_core.package_identification:_identify(launch) by extensions ['cmake', 'python']
[0.723s] Level 1:colcon.colcon_core.package_identification:_identify(launch) by extension 'cmake'
[0.723s] Level 1:colcon.colcon_core.package_identification:_identify(launch) by extension 'python'
[0.723s] Level 1:colcon.colcon_core.package_identification:_identify(launch) by extensions ['python_setup_py']
[0.723s] Level 1:colcon.colcon_core.package_identification:_identify(launch) by extension 'python_setup_py'
[0.723s] Level 1:colcon.colcon_core.package_identification:_identify(log) by extensions ['ignore', 'ignore_ament_install']
[0.724s] Level 1:colcon.colcon_core.package_identification:_identify(log) by extension 'ignore'
[0.724s] Level 1:colcon.colcon_core.package_identification:_identify(log) ignored
[0.724s] Level 1:colcon.colcon_core.package_identification:_identify(logs) by extensions ['ignore', 'ignore_ament_install']
[0.724s] Level 1:colcon.colcon_core.package_identification:_identify(logs) by extension 'ignore'
[0.724s] Level 1:colcon.colcon_core.package_identification:_identify(logs) by extension 'ignore_ament_install'
[0.724s] Level 1:colcon.colcon_core.package_identification:_identify(logs) by extensions ['colcon_pkg']
[0.724s] Level 1:colcon.colcon_core.package_identification:_identify(logs) by extension 'colcon_pkg'
[0.725s] Level 1:colcon.colcon_core.package_identification:_identify(logs) by extensions ['colcon_meta']
[0.725s] Level 1:colcon.colcon_core.package_identification:_identify(logs) by extension 'colcon_meta'
[0.725s] Level 1:colcon.colcon_core.package_identification:_identify(logs) by extensions ['ros']
[0.726s] Level 1:colcon.colcon_core.package_identification:_identify(logs) by extension 'ros'
[0.726s] Level 1:colcon.colcon_core.package_identification:_identify(logs) by extensions ['cmake', 'python']
[0.726s] Level 1:colcon.colcon_core.package_identification:_identify(logs) by extension 'cmake'
[0.726s] Level 1:colcon.colcon_core.package_identification:_identify(logs) by extension 'python'
[0.726s] Level 1:colcon.colcon_core.package_identification:_identify(logs) by extensions ['python_setup_py']
[0.726s] Level 1:colcon.colcon_core.package_identification:_identify(logs) by extension 'python_setup_py'
[0.726s] Level 1:colcon.colcon_core.package_identification:_identify(policies) by extensions ['ignore', 'ignore_ament_install']
[0.726s] Level 1:colcon.colcon_core.package_identification:_identify(policies) by extension 'ignore'
[0.726s] Level 1:colcon.colcon_core.package_identification:_identify(policies) by extension 'ignore_ament_install'
[0.726s] Level 1:colcon.colcon_core.package_identification:_identify(policies) by extensions ['colcon_pkg']
[0.727s] Level 1:colcon.colcon_core.package_identification:_identify(policies) by extension 'colcon_pkg'
[0.727s] Level 1:colcon.colcon_core.package_identification:_identify(policies) by extensions ['colcon_meta']
[0.727s] Level 1:colcon.colcon_core.package_identification:_identify(policies) by extension 'colcon_meta'
[0.727s] Level 1:colcon.colcon_core.package_identification:_identify(policies) by extensions ['ros']
[0.727s] Level 1:colcon.colcon_core.package_identification:_identify(policies) by extension 'ros'
[0.727s] Level 1:colcon.colcon_core.package_identification:_identify(policies) by extensions ['cmake', 'python']
[0.727s] Level 1:colcon.colcon_core.package_identification:_identify(policies) by extension 'cmake'
[0.727s] Level 1:colcon.colcon_core.package_identification:_identify(policies) by extension 'python'
[0.727s] Level 1:colcon.colcon_core.package_identification:_identify(policies) by extensions ['python_setup_py']
[0.727s] Level 1:colcon.colcon_core.package_identification:_identify(policies) by extension 'python_setup_py'
[0.727s] Level 1:colcon.colcon_core.package_identification:_identify(src) by extensions ['ignore', 'ignore_ament_install']
[0.728s] Level 1:colcon.colcon_core.package_identification:_identify(src) by extension 'ignore'
[0.728s] Level 1:colcon.colcon_core.package_identification:_identify(src) by extension 'ignore_ament_install'
[0.728s] Level 1:colcon.colcon_core.package_identification:_identify(src) by extensions ['colcon_pkg']
[0.728s] Level 1:colcon.colcon_core.package_identification:_identify(src) by extension 'colcon_pkg'
[0.728s] Level 1:colcon.colcon_core.package_identification:_identify(src) by extensions ['colcon_meta']
[0.728s] Level 1:colcon.colcon_core.package_identification:_identify(src) by extension 'colcon_meta'
[0.728s] Level 1:colcon.colcon_core.package_identification:_identify(src) by extensions ['ros']
[0.728s] Level 1:colcon.colcon_core.package_identification:_identify(src) by extension 'ros'
[0.728s] Level 1:colcon.colcon_core.package_identification:_identify(src) by extensions ['cmake', 'python']
[0.728s] Level 1:colcon.colcon_core.package_identification:_identify(src) by extension 'cmake'
[0.728s] Level 1:colcon.colcon_core.package_identification:_identify(src) by extension 'python'
[0.728s] Level 1:colcon.colcon_core.package_identification:_identify(src) by extensions ['python_setup_py']
[0.729s] Level 1:colcon.colcon_core.package_identification:_identify(src) by extension 'python_setup_py'
[0.729s] Level 1:colcon.colcon_core.package_identification:_identify(src/hri_secure_nodes) by extensions ['ignore', 'ignore_ament_install']
[0.729s] Level 1:colcon.colcon_core.package_identification:_identify(src/hri_secure_nodes) by extension 'ignore'
[0.729s] Level 1:colcon.colcon_core.package_identification:_identify(src/hri_secure_nodes) by extension 'ignore_ament_install'
[0.729s] Level 1:colcon.colcon_core.package_identification:_identify(src/hri_secure_nodes) by extensions ['colcon_pkg']
[0.729s] Level 1:colcon.colcon_core.package_identification:_identify(src/hri_secure_nodes) by extension 'colcon_pkg'
[0.729s] Level 1:colcon.colcon_core.package_identification:_identify(src/hri_secure_nodes) by extensions ['colcon_meta']
[0.729s] Level 1:colcon.colcon_core.package_identification:_identify(src/hri_secure_nodes) by extension 'colcon_meta'
[0.729s] Level 1:colcon.colcon_core.package_identification:_identify(src/hri_secure_nodes) by extensions ['ros']
[0.729s] Level 1:colcon.colcon_core.package_identification:_identify(src/hri_secure_nodes) by extension 'ros'
[0.737s] DEBUG:colcon.colcon_core.package_identification:Package 'src/hri_secure_nodes' with type 'ros.ament_python' and name 'hri_secure_nodes'
[0.737s] Level 1:colcon.colcon_core.package_discovery:discover_packages(recursive) using defaults
[0.737s] Level 1:colcon.colcon_core.package_discovery:discover_packages(ignore) discover
[0.737s] Level 1:colcon.colcon_core.package_discovery:discover_packages(ignore) using defaults
[0.737s] Level 1:colcon.colcon_core.package_discovery:discover_packages(path) discover
[0.737s] Level 1:colcon.colcon_core.package_discovery:discover_packages(path) using defaults
[0.796s] Level 1:colcon.colcon_core.package_discovery:discover_packages(prefix_path) check parameters
[0.796s] Level 1:colcon.colcon_core.package_discovery:discover_packages(prefix_path) discover
[0.802s] DEBUG:colcon.colcon_installed_package_information.package_discovery:Found 1 installed packages in /home/tharun/secure_hri_ws/install
[0.804s] DEBUG:colcon.colcon_installed_package_information.package_discovery:Found 287 installed packages in /opt/ros/jazzy
[0.806s] Level 1:colcon.colcon_core.package_discovery:discover_packages(prefix_path) using defaults
[0.867s] Level 5:colcon.colcon_core.verb:set package 'hri_secure_nodes' build argument 'cmake_args' from command line to 'None'
[0.867s] Level 5:colcon.colcon_core.verb:set package 'hri_secure_nodes' build argument 'cmake_target' from command line to 'None'
[0.867s] Level 5:colcon.colcon_core.verb:set package 'hri_secure_nodes' build argument 'cmake_target_skip_unavailable' from command line to 'False'
[0.867s] Level 5:colcon.colcon_core.verb:set package 'hri_secure_nodes' build argument 'cmake_clean_cache' from command line to 'False'
[0.867s] Level 5:colcon.colcon_core.verb:set package 'hri_secure_nodes' build argument 'cmake_clean_first' from command line to 'False'
[0.867s] Level 5:colcon.colcon_core.verb:set package 'hri_secure_nodes' build argument 'cmake_force_configure' from command line to 'False'
[0.867s] Level 5:colcon.colcon_core.verb:set package 'hri_secure_nodes' build argument 'ament_cmake_args' from command line to 'None'
[0.867s] Level 5:colcon.colcon_core.verb:set package 'hri_secure_nodes' build argument 'catkin_cmake_args' from command line to 'None'
[0.867s] Level 5:colcon.colcon_core.verb:set package 'hri_secure_nodes' build argument 'catkin_skip_building_tests' from command line to 'False'
[0.867s] DEBUG:colcon.colcon_core.verb:Building package 'hri_secure_nodes' with the following arguments: {'ament_cmake_args': None, 'build_base': '/home/tharun/secure_hri_ws/build/hri_secure_nodes', 'catkin_cmake_args': None, 'catkin_skip_building_tests': False, 'cmake_args': None, 'cmake_clean_cache': False, 'cmake_clean_first': False, 'cmake_force_configure': False, 'cmake_target': None, 'cmake_target_skip_unavailable': False, 'install_base': '/home/tharun/secure_hri_ws/install/hri_secure_nodes', 'merge_install': False, 'path': '/home/tharun/secure_hri_ws/src/hri_secure_nodes', 'symlink_install': True, 'test_result_base': None}
[0.868s] INFO:colcon.colcon_core.executor:Executing jobs using 'parallel' executor
[0.869s] DEBUG:colcon.colcon_parallel_executor.executor.parallel:run_until_complete
[0.870s] INFO:colcon.colcon_ros.task.ament_python.build:Building ROS package in '/home/tharun/secure_hri_ws/src/hri_secure_nodes' with build type 'ament_python'
[0.871s] Level 1:colcon.colcon_core.shell:create_environment_hook('hri_secure_nodes', 'ament_prefix_path')
[0.877s] INFO:colcon.colcon_core.plugin_system:Skipping extension 'colcon_core.shell.bat': Not used on non-Windows systems
[0.878s] INFO:colcon.colcon_core.shell:Creating environment hook '/home/tharun/secure_hri_ws/install/hri_secure_nodes/share/hri_secure_nodes/hook/ament_prefix_path.ps1'
[0.881s] INFO:colcon.colcon_core.shell:Creating environment descriptor '/home/tharun/secure_hri_ws/install/hri_secure_nodes/share/hri_secure_nodes/hook/ament_prefix_path.dsv'
[0.883s] INFO:colcon.colcon_core.shell:Creating environment hook '/home/tharun/secure_hri_ws/install/hri_secure_nodes/share/hri_secure_nodes/hook/ament_prefix_path.sh'
[0.884s] INFO:colcon.colcon_core.shell:Skip shell extension 'powershell' for command environment: Not usable outside of PowerShell
[0.884s] DEBUG:colcon.colcon_core.shell:Skip shell extension 'dsv' for command environment
[1.251s] INFO:colcon.colcon_core.task.python.build:Building Python package in '/home/tharun/secure_hri_ws/src/hri_secure_nodes'
[1.251s] INFO:colcon.colcon_core.shell:Skip shell extension 'powershell' for command environment: Not usable outside of PowerShell
[1.251s] DEBUG:colcon.colcon_core.shell:Skip shell extension 'dsv' for command environment
[2.557s] DEBUG:colcon.colcon_core.event_handler.log_command:Invoking command in '/home/tharun/secure_hri_ws/build/hri_secure_nodes': DEBUGINFOD_URLS=https://debuginfod.ubuntu.com PYTHONPATH=/home/tharun/secure_hri_ws/build/hri_secure_nodes/prefix_override:/usr/lib/python3/dist-packages/colcon_core/task/python/colcon_distutils_commands:/home/tharun/secure_hri_ws/install/hri_secure_nodes/lib/python3.12/site-packages:${PYTHONPATH} /usr/bin/python3 -W ignore:setup.py install is deprecated -W ignore:easy_install command is deprecated setup.py develop --editable --build-directory /home/tharun/secure_hri_ws/build/hri_secure_nodes/build --no-deps symlink_data
[3.624s] Level 1:colcon.colcon_core.shell:create_environment_hook('hri_secure_nodes', 'pythonpath_develop')
[3.624s] INFO:colcon.colcon_core.shell:Creating environment hook '/home/tharun/secure_hri_ws/build/hri_secure_nodes/share/hri_secure_nodes/hook/pythonpath_develop.ps1'
[3.625s] DEBUG:colcon.colcon_core.event_handler.log_command:Invoked command in '/home/tharun/secure_hri_ws/build/hri_secure_nodes' returned '0': DEBUGINFOD_URLS=https://debuginfod.ubuntu.com PYTHONPATH=/home/tharun/secure_hri_ws/build/hri_secure_nodes/prefix_override:/usr/lib/python3/dist-packages/colcon_core/task/python/colcon_distutils_commands:/home/tharun/secure_hri_ws/install/hri_secure_nodes/lib/python3.12/site-packages:${PYTHONPATH} /usr/bin/python3 -W ignore:setup.py install is deprecated -W ignore:easy_install command is deprecated setup.py develop --editable --build-directory /home/tharun/secure_hri_ws/build/hri_secure_nodes/build --no-deps symlink_data
[3.626s] INFO:colcon.colcon_core.shell:Creating environment descriptor '/home/tharun/secure_hri_ws/build/hri_secure_nodes/share/hri_secure_nodes/hook/pythonpath_develop.dsv'
[3.626s] INFO:colcon.colcon_core.shell:Creating environment hook '/home/tharun/secure_hri_ws/build/hri_secure_nodes/share/hri_secure_nodes/hook/pythonpath_develop.sh'
[3.639s] Level 1:colcon.colcon_core.environment:checking '/home/tharun/secure_hri_ws/install/hri_secure_nodes' for CMake module files
[3.640s] Level 1:colcon.colcon_core.environment:checking '/home/tharun/secure_hri_ws/install/hri_secure_nodes' for CMake config files
[3.641s] Level 1:colcon.colcon_core.environment:checking '/home/tharun/secure_hri_ws/install/hri_secure_nodes/lib'
[3.641s] Level 1:colcon.colcon_core.environment:checking '/home/tharun/secure_hri_ws/install/hri_secure_nodes/bin'
[3.642s] Level 1:colcon.colcon_core.environment:checking '/home/tharun/secure_hri_ws/install/hri_secure_nodes/lib/pkgconfig/hri_secure_nodes.pc'
[3.642s] Level 1:colcon.colcon_core.environment:checking '/home/tharun/secure_hri_ws/install/hri_secure_nodes/lib/python3.12/site-packages'
[3.642s] Level 1:colcon.colcon_core.shell:create_environment_hook('hri_secure_nodes', 'pythonpath')
[3.642s] INFO:colcon.colcon_core.shell:Creating environment hook '/home/tharun/secure_hri_ws/install/hri_secure_nodes/share/hri_secure_nodes/hook/pythonpath.ps1'
[3.643s] INFO:colcon.colcon_core.shell:Creating environment descriptor '/home/tharun/secure_hri_ws/install/hri_secure_nodes/share/hri_secure_nodes/hook/pythonpath.dsv'
[3.644s] INFO:colcon.colcon_core.shell:Creating environment hook '/home/tharun/secure_hri_ws/install/hri_secure_nodes/share/hri_secure_nodes/hook/pythonpath.sh'
[3.645s] Level 1:colcon.colcon_core.environment:checking '/home/tharun/secure_hri_ws/install/hri_secure_nodes/bin'
[3.645s] Level 1:colcon.colcon_core.environment:create_environment_scripts_only(hri_secure_nodes)
[3.646s] INFO:colcon.colcon_core.shell:Creating package script '/home/tharun/secure_hri_ws/install/hri_secure_nodes/share/hri_secure_nodes/package.ps1'
[3.648s] INFO:colcon.colcon_core.shell:Creating package descriptor '/home/tharun/secure_hri_ws/install/hri_secure_nodes/share/hri_secure_nodes/package.dsv'
[3.651s] INFO:colcon.colcon_core.shell:Creating package script '/home/tharun/secure_hri_ws/install/hri_secure_nodes/share/hri_secure_nodes/package.sh'
[3.653s] INFO:colcon.colcon_core.shell:Creating package script '/home/tharun/secure_hri_ws/install/hri_secure_nodes/share/hri_secure_nodes/package.bash'
[3.656s] INFO:colcon.colcon_core.shell:Creating package script '/home/tharun/secure_hri_ws/install/hri_secure_nodes/share/hri_secure_nodes/package.zsh'
[3.657s] Level 1:colcon.colcon_core.environment:create_file_with_runtime_dependencies(/home/tharun/secure_hri_ws/install/hri_secure_nodes/share/colcon-core/packages/hri_secure_nodes)
[3.658s] DEBUG:colcon.colcon_parallel_executor.executor.parallel:closing loop
[3.658s] DEBUG:colcon.colcon_parallel_executor.executor.parallel:loop closed
[3.659s] DEBUG:colcon.colcon_parallel_executor.executor.parallel:run_until_complete finished with '0'
[3.659s] DEBUG:colcon.colcon_core.event_reactor:joining thread
[3.736s] INFO:colcon.colcon_core.plugin_system:Skipping extension 'colcon_notification.desktop_notification.notify_send': Could not find 'notify-send'
[3.737s] INFO:colcon.colcon_core.plugin_system:Skipping extension 'colcon_notification.desktop_notification.terminal_notifier': Not used on non-Darwin systems
[3.737s] INFO:colcon.colcon_core.plugin_system:Skipping extension 'colcon_notification.desktop_notification.win32': Not used on non-Windows systems
[3.737s] INFO:colcon.colcon_notification.desktop_notification:Sending desktop notification using 'notify2'
[3.754s] DEBUG:colcon.colcon_notification.desktop_notification.notify2:Failed to initialize notify2: org.freedesktop.DBus.Error.ServiceUnknown: The name org.freedesktop.Notifications was not provided by any .service files
[3.754s] DEBUG:colcon.colcon_core.event_reactor:joined thread
[3.754s] INFO:colcon.colcon_core.shell:Creating prefix script '/home/tharun/secure_hri_ws/install/local_setup.ps1'
[3.756s] INFO:colcon.colcon_core.shell:Creating prefix util module '/home/tharun/secure_hri_ws/install/_local_setup_util_ps1.py'
[3.758s] INFO:colcon.colcon_core.shell:Creating prefix chain script '/home/tharun/secure_hri_ws/install/setup.ps1'
[3.760s] INFO:colcon.colcon_core.shell:Creating prefix script '/home/tharun/secure_hri_ws/install/local_setup.sh'
[3.761s] INFO:colcon.colcon_core.shell:Creating prefix util module '/home/tharun/secure_hri_ws/install/_local_setup_util_sh.py'
[3.762s] INFO:colcon.colcon_core.shell:Creating prefix chain script '/home/tharun/secure_hri_ws/install/setup.sh'
[3.764s] INFO:colcon.colcon_core.shell:Creating prefix script '/home/tharun/secure_hri_ws/install/local_setup.bash'
[3.765s] INFO:colcon.colcon_core.shell:Creating prefix chain script '/home/tharun/secure_hri_ws/install/setup.bash'
[3.767s] INFO:colcon.colcon_core.shell:Creating prefix script '/home/tharun/secure_hri_ws/install/local_setup.zsh'
[3.769s] INFO:colcon.colcon_core.shell:Creating prefix chain script '/home/tharun/secure_hri_ws/install/setup.zsh'
